Component: ARM Compiler 5.06 update 6 (build 750) Tool: armlink [4d35ed]

==============================================================================

Section Cross References

    startup_stm32f103xb.o(STACK) refers (Special) to heapauxi.o(.text) for __use_two_region_memory
    startup_stm32f103xb.o(HEAP) refers (Special) to heapauxi.o(.text) for __use_two_region_memory
    startup_stm32f103xb.o(RESET) refers (Special) to heapauxi.o(.text) for __use_two_region_memory
    startup_stm32f103xb.o(RESET) refers to startup_stm32f103xb.o(STACK) for __initial_sp
    startup_stm32f103xb.o(RESET) refers to startup_stm32f103xb.o(.text) for Reset_Handler
    startup_stm32f103xb.o(RESET) refers to stm32f1xx_it.o(i.NMI_Handler) for NMI_Handler
    startup_stm32f103xb.o(RESET) refers to stm32f1xx_it.o(i.HardFault_Handler) for HardFault_Handler
    startup_stm32f103xb.o(RESET) refers to stm32f1xx_it.o(i.MemManage_Handler) for MemManage_Handler
    startup_stm32f103xb.o(RESET) refers to stm32f1xx_it.o(i.BusFault_Handler) for BusFault_Handler
    startup_stm32f103xb.o(RESET) refers to stm32f1xx_it.o(i.UsageFault_Handler) for UsageFault_Handler
    startup_stm32f103xb.o(RESET) refers to stm32f1xx_it.o(i.SVC_Handler) for SVC_Handler
    startup_stm32f103xb.o(RESET) refers to stm32f1xx_it.o(i.DebugMon_Handler) for DebugMon_Handler
    startup_stm32f103xb.o(RESET) refers to stm32f1xx_it.o(i.PendSV_Handler) for PendSV_Handler
    startup_stm32f103xb.o(RESET) refers to stm32f1xx_it.o(i.SysTick_Handler) for SysTick_Handler
    startup_stm32f103xb.o(RESET) refers to stm32f1xx_it.o(i.DMA1_Channel7_IRQHandler) for DMA1_Channel7_IRQHandler
    startup_stm32f103xb.o(RESET) refers to stm32f1xx_it.o(i.TIM3_IRQHandler) for TIM3_IRQHandler
    startup_stm32f103xb.o(RESET) refers to stm32f1xx_it.o(i.USART2_IRQHandler) for USART2_IRQHandler
    startup_stm32f103xb.o(.text) refers (Special) to heapauxi.o(.text) for __use_two_region_memory
    startup_stm32f103xb.o(.text) refers to system_stm32f1xx.o(i.SystemInit) for SystemInit
    startup_stm32f103xb.o(.text) refers to __main.o(!!!main) for __main
    startup_stm32f103xb.o(.text) refers to startup_stm32f103xb.o(HEAP) for Heap_Mem
    startup_stm32f103xb.o(.text) refers to startup_stm32f103xb.o(STACK) for Stack_Mem
    main.o(i.HAL_TIM_ElapsedCallback) refers to f2d.o(x$fpl$f2d) for __aeabi_f2d
    main.o(i.HAL_TIM_ElapsedCallback) refers to main.o(i.transmit) for transmit
    main.o(i.HAL_TIM_ElapsedCallback) refers to main.o(.bss) for .bss
    main.o(i.HAL_TIM_ElapsedCallback) refers to main.o(.data) for .data
    main.o(i.HAL_UART_RxCpltCallback) refers to uart.o(i.uart_receive_data) for uart_receive_data
    main.o(i.HAL_UART_RxCpltCallback) refers to uart.o(i.uart_handle) for uart_handle
    main.o(i.HAL_UART_RxCpltCallback) refers to stm32f1xx_hal_uart.o(i.HAL_UART_Receive_IT) for HAL_UART_Receive_IT
    main.o(i.HAL_UART_RxCpltCallback) refers to main.o(.data) for .data
    main.o(i.HAL_UART_RxCpltCallback) refers to main.o(.bss) for .bss
    main.o(i.MX_GPIO_Init) refers to stm32f1xx_hal_gpio.o(i.HAL_GPIO_WritePin) for HAL_GPIO_WritePin
    main.o(i.MX_GPIO_Init) refers to stm32f1xx_hal_gpio.o(i.HAL_GPIO_Init) for HAL_GPIO_Init
    main.o(i.MX_TIM1_Init) refers to rt_memclr_w.o(.text) for __aeabi_memclr4
    main.o(i.MX_TIM1_Init) refers to stm32f1xx_hal_tim.o(i.HAL_TIM_PWM_Init) for HAL_TIM_PWM_Init
    main.o(i.MX_TIM1_Init) refers to stm32f1xx_hal_tim_ex.o(i.HAL_TIMEx_MasterConfigSynchronization) for HAL_TIMEx_MasterConfigSynchronization
    main.o(i.MX_TIM1_Init) refers to stm32f1xx_hal_tim.o(i.HAL_TIM_PWM_ConfigChannel) for HAL_TIM_PWM_ConfigChannel
    main.o(i.MX_TIM1_Init) refers to stm32f1xx_hal_tim_ex.o(i.HAL_TIMEx_ConfigBreakDeadTime) for HAL_TIMEx_ConfigBreakDeadTime
    main.o(i.MX_TIM1_Init) refers to stm32f1xx_hal_msp.o(i.HAL_TIM_MspPostInit) for HAL_TIM_MspPostInit
    main.o(i.MX_TIM1_Init) refers to main.o(.bss) for .bss
    main.o(i.MX_TIM2_Init) refers to rt_memclr_w.o(.text) for __aeabi_memclr4
    main.o(i.MX_TIM2_Init) refers to stm32f1xx_hal_tim.o(i.HAL_TIM_Encoder_Init) for HAL_TIM_Encoder_Init
    main.o(i.MX_TIM2_Init) refers to stm32f1xx_hal_tim_ex.o(i.HAL_TIMEx_MasterConfigSynchronization) for HAL_TIMEx_MasterConfigSynchronization
    main.o(i.MX_TIM2_Init) refers to main.o(.bss) for .bss
    main.o(i.MX_TIM3_Init) refers to stm32f1xx_hal_tim.o(i.HAL_TIM_Base_Init) for HAL_TIM_Base_Init
    main.o(i.MX_TIM3_Init) refers to stm32f1xx_hal_tim.o(i.HAL_TIM_ConfigClockSource) for HAL_TIM_ConfigClockSource
    main.o(i.MX_TIM3_Init) refers to stm32f1xx_hal_tim_ex.o(i.HAL_TIMEx_MasterConfigSynchronization) for HAL_TIMEx_MasterConfigSynchronization
    main.o(i.MX_TIM3_Init) refers to main.o(.bss) for .bss
    main.o(i.MX_TIM4_Init) refers to rt_memclr_w.o(.text) for __aeabi_memclr4
    main.o(i.MX_TIM4_Init) refers to stm32f1xx_hal_tim.o(i.HAL_TIM_Encoder_Init) for HAL_TIM_Encoder_Init
[...]
    _fdiv1                                   0x08005375   Thumb Code     0  fdiv.o(x$fpl$fdiv)
    x$fpl$ffixu                              0x080054f8   Section       62  ffixu.o(x$fpl$ffixu)
    x$fpl$fflt                               0x08005538   Section       48  fflt_clz.o(x$fpl$fflt)
    x$fpl$ffltu                              0x08005568   Section       38  fflt_clz.o(x$fpl$ffltu)
    x$fpl$fleqf                              0x08005590   Section      104  fleqf.o(x$fpl$fleqf)
    x$fpl$fmul                               0x080055f8   Section      258  fmul.o(x$fpl$fmul)
    x$fpl$fnaninf                            0x080056fa   Section      140  fnaninf.o(x$fpl$fnaninf)
    x$fpl$fretinf                            0x08005786   Section       10  fretinf.o(x$fpl$fretinf)
    x$fpl$fsub                               0x08005790   Section      234  faddsub_clz.o(x$fpl$fsub)
    _fsub1                                   0x0800579f   Thumb Code     0  faddsub_clz.o(x$fpl$fsub)
    x$fpl$printf1                            0x0800587a   Section        4  printf1.o(x$fpl$printf1)
    x$fpl$printf2                            0x0800587e   Section        4  printf2.o(x$fpl$printf2)
    .constdata                               0x08005882   Section       18  stm32f1xx_hal_rcc.o(.constdata)
    x$fpl$usenofp                            0x08005882   Section        0  usenofp.o(x$fpl$usenofp)
    aPredivFactorTable                       0x08005882   Data           2  stm32f1xx_hal_rcc.o(.constdata)
    aPLLMULFactorTable                       0x08005884   Data          16  stm32f1xx_hal_rcc.o(.constdata)
    .constdata                               0x08005894   Section       16  system_stm32f1xx.o(.constdata)
    .constdata                               0x080058a4   Section        8  system_stm32f1xx.o(.constdata)
    .constdata                               0x080058ac   Section        8  _printf_wctomb.o(.constdata)
    initial_mbstate                          0x080058ac   Data           8  _printf_wctomb.o(.constdata)
    .constdata                               0x080058b4   Section       40  _printf_hex_int_ll_ptr.o(.constdata)
    uc_hextab                                0x080058b4   Data          20  _printf_hex_int_ll_ptr.o(.constdata)
    lc_hextab                                0x080058c8   Data          20  _printf_hex_int_ll_ptr.o(.constdata)
    .constdata                               0x080058dc   Section       17  __printf_flags_ss_wp.o(.constdata)
    maptable                                 0x080058dc   Data          17  __printf_flags_ss_wp.o(.constdata)
    .constdata                               0x080058ed   Section       38  _printf_fp_hex.o(.constdata)
    lc_hextab                                0x080058ed   Data          19  _printf_fp_hex.o(.constdata)
    uc_hextab                                0x08005900   Data          19  _printf_fp_hex.o(.constdata)
    .constdata                               0x08005914   Section      148  bigflt0.o(.constdata)
    tenpwrs_x                                0x08005914   Data          60  bigflt0.o(.constdata)
    tenpwrs_i                                0x08005950   Data          64  bigflt0.o(.constdata)
    locale$$data                             0x080059c8   Section       28  lc_numeric_c.o(locale$$data)
    __lcnum_c_name                           0x080059cc   Data           2  lc_numeric_c.o(locale$$data)
    __lcnum_c_start                          0x080059d4   Data           0  lc_numeric_c.o(locale$$data)
    __lcnum_c_point                          0x080059e0   Data           0  lc_numeric_c.o(locale$$data)
    __lcnum_c_thousands                      0x080059e2   Data           0  lc_numeric_c.o(locale$$data)
    __lcnum_c_grouping                       0x080059e3   Data           0  lc_numeric_c.o(locale$$data)
    locale$$data                             0x080059e4   Section      272  lc_ctype_c.o(locale$$data)
    __lcnum_c_end                            0x080059e4   Data           0  lc_numeric_c.o(locale$$data)
    __lcctype_c_name                         0x080059e8   Data           2  lc_ctype_c.o(locale$$data)
    __lcctype_c_start                        0x080059f0   Data           0  lc_ctype_c.o(locale$$data)
    __lcctype_c_end                          0x08005af4   Data           0  lc_ctype_c.o(locale$$data)
    .data                                    0x20000000   Section        4  main.o(.data)
    .data                                    0x20000004   Section       12  stm32f1xx_hal.o(.data)
    .data                                    0x20000010   Section        4  system_stm32f1xx.o(.data)
    .data                                    0x20000014   Section        3  uart.o(.data)
    .data                                    0x20000017   Section        2  distance_sensor.o(.data)
    stop_variable                            0x20000017   Data           1  distance_sensor.o(.data)
    sensor_index                             0x20000018   Data           1  distance_sensor.o(.data)
    .data                                    0x2000001c   Section        4  strtok.o(.data)
    _strtok_saves1                           0x2000001c   Data           4  strtok.o(.data)
    .bss                                     0x20000020   Section      920  main.o(.bss)
    .bss                                     0x200003b8   Section       68  main.o(.bss)
    .bss                                     0x200003fc   Section       72  uart.o(.bss)
    .bss                                     0x20000444   Section       12  distance_sensor.o(.bss)
    .bss                                     0x20000450   Section       96  libspace.o(.bss)
    HEAP                                     0x200004b0   Section      512  startup_stm32f103xb.o(HEAP)
    Heap_Mem                                 0x200004b0   Data         512  startup_stm32f103xb.o(HEAP)
    STACK                                    0x200006b0   Section     1024  startup_stm32f103xb.o(STACK)
    Stack_Mem                                0x200006b0   Data        1024  startup_stm32f103xb.o(STACK)
    __initial_sp                             0x20000ab0   Data           0  startup_stm32f103xb.o(STACK)

    Global Symbols

    Symbol Name                              Value     Ov Type        Size  Object(Section)

    BuildAttributes$$THM_ISAv4$P$D$K$B$S$PE$A:L22UL41UL21$X:L11$S22US41US21$IEEE1$IW$USESV6$~STKCKD$USESV7$~SHL$OTIME$ROPI$IEEEJ$EBA8$UX$STANDARDLIB$REQ8$PRES8$EABIv2 0x00000000   Number         0  anon$$obj.o ABSOLUTE
    __ARM_use_no_argv                        0x00000000   Number         0  main.o ABSOLUTE
    _printf_flags                            0x00000000   Number         0  printf_stubs.o ABSOLUTE
    _printf_return_value                     0x00000000   Number         0  printf_stubs.o ABSOLUTE
    _printf_sizespec                         0x00000000   Number         0  printf_stubs.o ABSOLUTE
    _printf_widthprec                        0x00000000   Number         0  printf_stubs.o ABSOLUTE
    __ARM_exceptions_init                     - Undefined Weak Reference
    __alloca_initialize                       - Undefined Weak Reference
    __arm_preinit_                            - Undefined Weak Reference
    __cpp_initialize__aeabi_                  - Undefined Weak Reference
    __cxa_finalize                            - Undefined Weak Reference
    __sigvec_lookup                           - Undefined Weak Reference
    _atexit_init                              - Undefined Weak Reference
    _call_atexit_fns                          - Undefined Weak Reference
    _clock_init                               - Undefined Weak Reference
    _fp_trap_init                             - Undefined Weak Reference
    _fp_trap_shutdown                         - Undefined Weak Reference
    _get_lc_collate                           - Undefined Weak Reference
    _get_lc_monetary                          - Undefined Weak Reference
    _get_lc_time                              - Undefined Weak Reference
    _getenv_init                              - Undefined Weak Reference
    _handle_redirection                       - Undefined Weak Reference
    _init_alloc                               - Undefined Weak Reference
    _init_user_alloc                          - Undefined Weak Reference
    _initio                                   - Undefined Weak Reference
    _printf_mbtowc                            - Undefined Weak Reference
    _printf_wc                                - Undefined Weak Reference
    _rand_init                                - Undefined Weak Reference
    _signal_finish                            - Undefined Weak Reference
    _signal_init                              - Undefined Weak Reference
    _terminate_alloc                          - Undefined Weak Reference
    _terminate_user_alloc                     - Undefined Weak Reference
    _terminateio                              - Undefined Weak Reference
    __Vectors_Size                           0x000000ec   Number         0  startup_stm32f103xb.o ABSOLUTE
    __Vectors                                0x08000000   Data           4  startup_stm32f103xb.o(RESET)
    __Vectors_End                            0x080000ec   Data           0  startup_stm32f103xb.o(RESET)
    __main                                   0x080000ed   Thumb Code     8  __main.o(!!!main)
    __scatterload                            0x080000f5   Thumb Code     0  __scatter.o(!!!scatter)
    __scatterload_rt2                        0x080000f5   Thumb Code    44  __scatter.o(!!!scatter)
    __scatterload_rt2_thumb_only             0x080000f5   Thumb Code     0  __scatter.o(!!!scatter)
    __scatterload_null                       0x08000103   Thumb Code     0  __scatter.o(!!!scatter)
    __scatterload_copy                       0x08000129   Thumb Code    26  __scatter_copy.o(!!handler_copy)
    __scatterload_zeroinit                   0x08000145   Thumb Code    28  __scatter_zi.o(!!handler_zi)
    _printf_n                                0x08000161   Thumb Code     0  _printf_n.o(.ARM.Collect$$_printf_percent$$00000001)
    _printf_percent                          0x08000161   Thumb Code     0  _printf_percent.o(.ARM.Collect$$_printf_percent$$00000000)
    _printf_p                                0x08000167   Thumb Code     0  _printf_p.o(.ARM.Collect$$_printf_percent$$00000002)
    _printf_f                                0x0800016d   Thumb Code     0  _printf_f.o(.ARM.Collect$$_printf_percent$$00000003)
    _printf_e                                0x08000173   Thumb Code     0  _printf_e.o(.ARM.Collect$$_printf_percent$$00000004)
    _printf_g                                0x08000179   Thumb Code     0  _printf_g.o(.ARM.Collect$$_printf_percent$$00000005)
    _printf_a                                0x0800017f   Thumb Code     0  _printf_a.o(.ARM.Collect$$_printf_percent$$00000006)
    _printf_ll                               0x08000185   Thumb Code     0  _printf_ll.o(.ARM.Collect$$_printf_percent$$00000007)
    _printf_i                                0x0800018f   Thumb Code     0  _printf_i.o(.ARM.Collect$$_printf_percent$$00000008)
    _printf_d                                0x08000195   Thumb Code     0  _printf_d.o(.ARM.Collect$$_printf_percent$$00000009)
    _printf_u                                0x0800019b   Thumb Code     0  _printf_u.o(.ARM.Collect$$_printf_percent$$0000000A)
    _printf_o                                0x080001a1   Thumb Code     0  _printf_o.o(.ARM.Collect$$_printf_percent$$0000000B)
    _printf_x                                0x080001a7   Thumb Code     0  _printf_x.o(.ARM.Collect$$_printf_percent$$0000000C)
    _printf_lli                              0x080001ad   Thumb Code     0  _printf_lli.o(.ARM.Collect$$_printf_percent$$0000000D)
    _printf_lld                              0x080001b3   Thumb Code     0  _printf_lld.o(.ARM.Collect$$_printf_percent$$0000000E)
    _printf_llu                              0x080001b9   Thumb Code     0  _printf_llu.o(.ARM.Collect$$_printf_percent$$0000000F)
    _printf_llo                              0x080001bf   Thumb Code     0  _printf_llo.o(.ARM.Collect$$_printf_percent$$00000010)
    _printf_llx                              0x080001c5   Thumb Code     0  _printf_llx.o(.ARM.Collect$$_printf_percent$$00000011)
    _printf_l                                0x080001cb   Thumb Code     0  _printf_l.o(.ARM.Collect$$_printf_percent$$00000012)
    _printf_c                                0x080001d5   Thumb Code     0  _printf_c.o(.ARM.Collect$$_printf_percent$$00000013)
    _printf_s                                0x080001db   Thumb Code     0  _printf_s.o(.ARM.Collect$$_printf_percent$$00000014)
    _printf_lc                               0x080001e1   Thumb Code     0  _printf_lc.o(.ARM.Collect$$_printf_percent$$00000015)
    _printf_ls                               0x080001e7   Thumb Code     0  _printf_ls.o(.ARM.Collect$$_printf_percent$$00000016)
    _printf_percent_end                      0x080001ed   Thumb Code     0  _printf_percent_end.o(.ARM.Collect$$_printf_percent$$00000017)
    __rt_lib_init                            0x080001f1   Thumb Code     0  libinit.o(.ARM.Collect$$libinit$$00000000)
    __rt_lib_init_fp_1                       0x080001f3   Thumb Code     0  libinit2.o(.ARM.Collect$$libinit$$00000002)
    __rt_lib_init_heap_1                     0x080001f3   Thumb Code     0  libinit2.o(.ARM.Collect$$libinit$$0000000A)
    __rt_lib_init_lc_common                  0x080001f3   Thumb Code     0  libinit2.o(.ARM.Collect$$libinit$$0000000F)
    __rt_lib_init_preinit_1                  0x080001f3   Thumb Code     0  libinit2.o(.ARM.Collect$$libinit$$00000004)
    __rt_lib_init_rand_1                     0x080001f3   Thumb Code     0  libinit2.o(.ARM.Collect$$libinit$$0000000E)
    __rt_lib_init_user_alloc_1               0x080001f3   Thumb Code     0  libinit2.o(.ARM.Collect$$libinit$$0000000C)
    __rt_lib_init_lc_collate_1               0x080001f9   Thumb Code     0  libinit2.o(.ARM.Collect$$libinit$$00000011)
    __rt_lib_init_lc_ctype_2                 0x080001f9   Thumb Code     0  libinit2.o(.ARM.Collect$$libinit$$00000012)
    __rt_lib_init_lc_ctype_1                 0x08000205   Thumb Code     0  libinit2.o(.ARM.Collect$$libinit$$00000013)
    __rt_lib_init_lc_monetary_1              0x08000205   Thumb Code     0  libinit2.o(.ARM.Collect$$libinit$$00000015)
    __rt_lib_init_lc_numeric_2               0x08000205   Thumb Code     0  libinit2.o(.ARM.Collect$$libinit$$00000016)
    __rt_lib_init_alloca_1                   0x0800020f   Thumb Code     0  libinit2.o(.ARM.Collect$$libinit$$0000002E)
    __rt_lib_init_argv_1                     0x0800020f   Thumb Code     0  libinit2.o(.ARM.Collect$$libinit$$0000002C)
    __rt_lib_init_atexit_1                   0x0800020f   Thumb Code     0  libinit2.o(.ARM.Collect$$libinit$$0000001B)
    __rt_lib_init_clock_1                    0x0800020f   Thumb Code     0  libinit2.o(.ARM.Collect$$libinit$$00000021)
    __rt_lib_init_cpp_1                      0x0800020f   Thumb Code     0  libinit2.o(.ARM.Collect$$libinit$$00000032)
    __rt_lib_init_exceptions_1               0x0800020f   Thumb Code     0  libinit2.o(.ARM.Collect$$libinit$$00000030)
    __rt_lib_init_fp_trap_1                  0x0800020f   Thumb Code     0  libinit2.o(.ARM.Collect$$libinit$$0000001F)
    __rt_lib_init_getenv_1                   0x0800020f   Thumb Code     0  libinit2.o(.ARM.Collect$$libinit$$00000023)
    __rt_lib_init_lc_numeric_1               0x0800020f   Thumb Code     0  libinit2.o(.ARM.Collect$$libinit$$00000017)
    __rt_lib_init_lc_time_1                  0x0800020f   Thumb Code     0  libinit2.o(.ARM.Collect$$libinit$$00000019)
    __rt_lib_init_return                     0x0800020f   Thumb Code     0  libinit2.o(.ARM.Collect$$libinit$$00000033)
    __rt_lib_init_signal_1                   0x0800020f   Thumb Code     0  libinit2.o(.ARM.Collect$$libinit$$0000001D)
    __rt_lib_init_stdio_1                    0x0800020f   Thumb Code     0  libinit2.o(.ARM.Collect$$libinit$$00000025)
    __rt_lib_shutdown                        0x08000211   Thumb Code     0  libshutdown.o(.ARM.Collect$$libshutdown$$00000000)
    __rt_lib_shutdown_cpp_1                  0x08000213   Thumb Code     0  libshutdown2.o(.ARM.Collect$$libshutdown$$00000002)
    __rt_lib_shutdown_fp_trap_1              0x08000213   Thumb Code     0  libshutdown2.o(.ARM.Collect$$libshutdown$$00000007)
    __rt_lib_shutdown_heap_1                 0x08000213   Thumb Code     0  libshutdown2.o(.ARM.Collect$$libshutdown$$0000000F)
    __rt_lib_shutdown_return                 0x08000213   Thumb Code     0  libshutdown2.o(.ARM.Collect$$libshutdown$$00000010)
    __rt_lib_shutdown_signal_1               0x08000213   Thumb Code     0  libshutdown2.o(.ARM.Collect$$libshutdown$$0000000A)
    __rt_lib_shutdown_stdio_1                0x08000213   Thumb Code     0  libshutdown2.o(.ARM.Collect$$libshutdown$$00000004)
    __rt_lib_shutdown_user_alloc_1           0x08000213   Thumb Code     0  libshutdown2.o(.ARM.Collect$$libshutdown$$0000000C)
    __rt_entry                               0x08000215   Thumb Code     0  __rtentry.o(.ARM.Collect$$rtentry$$00000000)
    __rt_entry_presh_1                       0x08000215   Thumb Code     0  __rtentry2.o(.ARM.Collect$$rtentry$$00000002)
    __rt_entry_sh                            0x08000215   Thumb Code     0  __rtentry4.o(.ARM.Collect$$rtentry$$00000004)
    __rt_entry_li                            0x0800021b   Thumb Code     0  __rtentry2.o(.ARM.Collect$$rtentry$$0000000A)
    __rt_entry_postsh_1                      0x0800021b   Thumb Code     0  __rtentry2.o(.ARM.Collect$$rtentry$$00000009)
    __rt_entry_main                          0x0800021f   Thumb Code     0  __rtentry2.o(.ARM.Collect$$rtentry$$0000000D)
    __rt_entry_postli_1                      0x0800021f   Thumb Code     0  __rtentry2.o(.ARM.Collect$$rtentry$$0000000C)
    __rt_exit                                0x08000227   Thumb Code     0  rtexit.o(.ARM.Collect$$rtexit$$00000000)
    __rt_exit_ls                             0x08000229   Thumb Code     0  rtexit2.o(.ARM.Collect$$rtexit$$00000003)
    __rt_exit_prels_1                        0x08000229   Thumb Code     0  rtexit2.o(.ARM.Collect$$rtexit$$00000002)
    __rt_exit_exit                           0x0800022d   Thumb Code     0  rtexit2.o(.ARM.Collect$$rtexit$$00000004)
    Reset_Handler                            0x08000235   Thumb Code     8  startup_stm32f103xb.o(.text)
    ADC1_2_IRQHandler                        0x0800024f   Thumb Code     0  startup_stm32f103xb.o(.text)
    CAN1_RX1_IRQHandler                      0x0800024f   Thumb Code     0  startup_stm32f103xb.o(.text)
    CAN1_SCE_IRQHandler                      0x0800024f   Thumb Code     0  startup_stm32f103xb.o(.text)
    DMA1_Channel1_IRQHandler                 0x0800024f   Thumb Code     0  startup_stm32f103xb.o(.text)
    DMA1_Channel2_IRQHandler                 0x0800024f   Thumb Code     0  startup_stm32f103xb.o(.text)
    DMA1_Channel3_IRQHandler                 0x0800024f   Thumb Code     0  startup_stm32f103xb.o(.text)
    DMA1_Channel4_IRQHandler                 0x0800024f   Thumb Code     0  startup_stm32f103xb.o(.text)
    DMA1_Channel5_IRQHandler                 0x0800024f   Thumb Code     0  startup_stm32f103xb.o(.text)
    DMA1_Channel6_IRQHandler                 0x0800024f   Thumb Code     0  startup_stm32f103xb.o(.text)
    EXTI0_IRQHandler                         0x0800024f   Thumb Code     0  startup_stm32f103xb.o(.text)
    EXTI15_10_IRQHandler                     0x0800024f   Thumb Code     0  startup_stm32f103xb.o(.text)
    EXTI1_IRQHandler                         0x0800024f   Thumb Code     0  startup_stm32f103xb.o(.text)
    EXTI2_IRQHandler                         0x0800024f   Thumb Code     0  startup_stm32f103xb.o(.text)
    EXTI3_IRQHandler                         0x0800024f   Thumb Code     0  startup_stm32f103xb.o(.text)
    EXTI4_IRQHandler                         0x0800024f   Thumb Code     0  startup_stm32f103xb.o(.text)
    EXTI9_5_IRQHandler                       0x0800024f   Thumb Code     0  startup_stm32f103xb.o(.text)
    FLASH_IRQHandler                         0x0800024f   Thumb Code     0  startup_stm32f103xb.o(.text)
    I2C1_ER_IRQHandler                       0x0800024f   Thumb Code     0  startup_stm32f103xb.o(.text)
    I2C1_EV_IRQHandler                       0x0800024f   Thumb Code     0  startup_stm32f103xb.o(.text)
    I2C2_ER_IRQHandler                       0x0800024f   Thumb Code     0  startup_stm32f103xb.o(.text)
    I2C2_EV_IRQHandler                       0x0800024f   Thumb Code     0  startup_stm32f103xb.o(.text)
    PVD_IRQHandler                           0x0800024f   Thumb Code     0  startup_stm32f103xb.o(.text)
    RCC_IRQHandler                           0x0800024f   Thumb Code     0  startup_stm32f103xb.o(.text)
    RTC_Alarm_IRQHandler                     0x0800024f   Thumb Code     0  startup_stm32f103xb.o(.text)
    RTC_IRQHandler                           0x0800024f   Thumb Code     0  startup_stm32f103xb.o(.text)
    SPI1_IRQHandler                          0x0800024f   Thumb Code     0  startup_stm32f103xb.o(.text)
    SPI2_IRQHandler                          0x0800024f   Thumb Code     0  startup_stm32f103xb.o(.text)
    TAMPER_IRQHandler                        0x0800024f   Thumb Code     0  startup_stm32f103xb.o(.text)
    TIM1_BRK_IRQHandler                      0x0800024f   Thumb Code     0  startup_stm32f103xb.o(.text)
    TIM1_CC_IRQHandler                       0x0800024f   Thumb Code     0  startup_stm32f103xb.o(.text)
    TIM1_TRG_COM_IRQHandler                  0x0800024f   Thumb Code     0  startup_stm32f103xb.o(.text)
    TIM1_UP_IRQHandler                       0x0800024f   Thumb Code     0  startup_stm32f103xb.o(.text)
    TIM2_IRQHandler                          0x0800024f   Thumb Code     0  startup_stm32f103xb.o(.text)
    TIM4_IRQHandler                          0x0800024f   Thumb Code     0  startup_stm32f103xb.o(.text)
    USART1_IRQHandler                        0x0800024f   Thumb Code     0  startup_stm32f103xb.o(.text)
    USART3_IRQHandler                        0x0800024f   Thumb Code     0  startup_stm32f103xb.o(.text)
    USBWakeUp_IRQHandler                     0x0800024f   Thumb Code     0  startup_stm32f103xb.o(.text)
    USB_HP_CAN1_TX_IRQHandler                0x0800024f   Thumb Code     0  startup_stm32f103xb.o(.text)
    USB_LP_CAN1_RX0_IRQHandler               0x0800024f   Thumb Code     0  startup_stm32f103xb.o(.text)
    WWDG_IRQHandler                          0x0800024f   Thumb Code     0  startup_stm32f103xb.o(.text)
    __user_initial_stackheap                 0x08000251   Thumb Code     0  startup_stm32f103xb.o(.text)
    vsnprintf                                0x08000275   Thumb Code    48  vsnprintf.o(.text)
    strtok                                   0x080002a9   Thumb Code     6  strtok.o(.text)
    strlen                                   0x080002b5   Thumb Code    62  strlen.o(.text)
    __aeabi_memclr4                          0x080002f3   Thumb Code     0  rt_memclr_w.o(.text)
    __aeabi_memclr8                          0x080002f3   Thumb Code     0  rt_memclr_w.o(.text)
    __rt_memclr_w                            0x080002f3   Thumb Code    78  rt_memclr_w.o(.text)
    _memset_w                                0x080002f7   Thumb Code     0  rt_memclr_w.o(.text)
    __use_two_region_memory                  0x08000341   Thumb Code     2  heapauxi.o(.text)
    __rt_heap_escrow$2region                 0x08000343   Thumb Code     2  heapauxi.o(.text)
    __rt_heap_expand$2region                 0x08000345   Thumb Code     2  heapauxi.o(.text)
    _printf_pre_padding                      0x08000347   Thumb Code    44  _printf_pad.o(.text)
    _printf_post_padding                     0x08000373   Thumb Code    34  _printf_pad.o(.text)
    _printf_truncate_signed                  0x08000395   Thumb Code    18  _printf_truncate.o(.text)
    _printf_truncate_unsigned                0x080003a7   Thumb Code    18  _printf_truncate.o(.text)
    _printf_str                              0x080003b9   Thumb Code    82  _printf_str.o(.text)
    _printf_int_dec                          0x0800040d   Thumb Code   104  _printf_dec.o(.text)
    _printf_charcount                        0x08000485   Thumb Code    40  _printf_charcount.o(.text)
    _printf_char_common                      0x080004b7   Thumb Code    32  _printf_char_common.o(.text)
    _sputc                                   0x080004dd   Thumb Code    10  _sputc.o(.text)
    _snputc                                  0x080004e7   Thumb Code    16  _snputc.o(.text)
    _printf_wctomb                           0x080004f9   Thumb Code   182  _printf_wctomb.o(.text)
    _printf_longlong_dec                     0x080005b5   Thumb Code   108  _printf_longlong_dec.o(.text)
    _printf_longlong_oct                     0x08000631   Thumb Code    66  _printf_oct_int_ll.o(.text)
    _printf_int_oct                          0x08000673   Thumb Code    24  _printf_oct_int_ll.o(.text)
    _printf_ll_oct                           0x0800068b   Thumb Code    12  _printf_oct_int_ll.o(.text)
    _printf_longlong_hex                     0x080006a1   Thumb Code    86  _printf_hex_int_ll_ptr.o(.text)
    _printf_int_hex                          0x080006f7   Thumb Code    28  _printf_hex_int_ll_ptr.o(.text)
    _printf_ll_hex                           0x08000713   Thumb Code    12  _printf_hex_int_ll_ptr.o(.text)
    _printf_hex_ptr                          0x0800071f   Thumb Code    18  _printf_hex_int_ll_ptr.o(.text)
    __printf                                 0x08000735   Thumb Code   388  __printf_flags_ss_wp.o(.text)
    __strtok_internal                        0x080008bd   Thumb Code    64  strtok_int.o(.text)
    _ll_udiv10                               0x08000901   Thumb Code   138  lludiv10.o(.text)
    _printf_int_common                       0x0800098b   Thumb Code   178  _printf_intcommon.o(.text)
    __lib_sel_fp_printf                      0x08000a3d   Thumb Code     2  _printf_fp_dec.o(.text)
    _printf_fp_dec_real                      0x08000bef   Thumb Code   620  _printf_fp_dec.o(.text)
    _printf_fp_hex_real                      0x08000e5d   Thumb Code   756  _printf_fp_hex.o(.text)
    _printf_cs_common                        0x08001159   Thumb Code    20  _printf_char.o(.text)
    _printf_char                             0x0800116d   Thumb Code    16  _printf_char.o(.text)
    _printf_string                           0x0800117d   Thumb Code     8  _printf_char.o(.text)
    _printf_lcs_common                       0x08001185   Thumb Code    20  _printf_wchar.o(.text)
    _printf_wchar                            0x08001199   Thumb Code    16  _printf_wchar.o(.text)
    _printf_wstring                          0x080011a9   Thumb Code     8  _printf_wchar.o(.text)
    _wcrtomb                                 0x080011b1   Thumb Code    64  _wcrtomb.o(.text)
    strcspn                                  0x080011f1   Thumb Code    32  strcspn.o(.text)
    strspn                                   0x08001211   Thumb Code    28  strspn.o(.text)
    __user_setup_stackheap                   0x0800122d   Thumb Code    74  sys_stackheap_outer.o(.text)
    __rt_ctype_table                         0x08001279   Thumb Code    16  rt_ctype_table.o(.text)
    __rt_locale                              0x08001289   Thumb Code     8  rt_locale_intlibspace.o(.text)
    _printf_fp_infnan                        0x08001291   Thumb Code   112  _printf_fp_infnan.o(.text)
    _btod_etento                             0x08001311   Thumb Code   224  bigflt0.o(.text)
    exit                                     0x080013f5   Thumb Code    18  exit.o(.text)
    __user_libspace                          0x08001409   Thumb Code     8  libspace.o(.text)
    __user_perproc_libspace                  0x08001409   Thumb Code     0  libspace.o(.text)
    __user_perthread_libspace                0x08001409   Thumb Code     0  libspace.o(.text)
    strcmp                                   0x08001411   Thumb Code   128  strcmpv7m.o(.text)
    _sys_exit                                0x08001491   Thumb Code     8  sys_exit.o(.text)
    __I$use$semihosting                      0x0800149d   Thumb Code     0  use_no_semi.o(.text)
    __use_no_semihosting_swi                 0x0800149d   Thumb Code     2  use_no_semi.o(.text)
    __semihosting_library_function           0x0800149f   Thumb Code     0  indicate_semi.o(.text)
    _btod_d2e                                0x0800149f   Thumb Code    62  btod.o(CL$$btod_d2e)
    _d2e_denorm_low                          0x080014dd   Thumb Code    70  btod.o(CL$$btod_d2e_denorm_low)
    _d2e_norm_op1                            0x08001523   Thumb Code    96  btod.o(CL$$btod_d2e_norm_op1)
    __btod_div_common                        0x08001583   Thumb Code   696  btod.o(CL$$btod_div_common)
    _e2e                                     0x080018bb   Thumb Code   220  btod.o(CL$$btod_e2e)
    _btod_ediv                               0x08001997   Thumb Code    42  btod.o(CL$$btod_ediv)
    _btod_emul                               0x080019c1   Thumb Code    42  btod.o(CL$$btod_emul)
    __btod_mult_common                       0x080019eb   Thumb Code   580  btod.o(CL$$btod_mult_common)
    BusFault_Handler                         0x08001c2f   Thumb Code     2  stm32f1xx_it.o(i.BusFault_Handler)
    DMA1_Channel7_IRQHandler                 0x08001c31   Thumb Code     6  stm32f1xx_it.o(i.DMA1_Channel7_IRQHandler)
    DebugMon_Handler                         0x08001c67   Thumb Code     2  stm32f1xx_it.o(i.DebugMon_Handler)
    Error_Handler                            0x08001c69   Thumb Code     4  main.o(i.Error_Handler)
    HAL_DMA_Abort                            0x08001c6d   Thumb Code    70  stm32f1xx_hal_dma.o(i.HAL_DMA_Abort)
    HAL_DMA_Abort_IT                         0x08001cb5   Thumb Code   148  stm32f1xx_hal_dma.o(i.HAL_DMA_Abort_IT)
    HAL_DMA_IRQHandler                       0x08001d4d   Thumb Code   316  stm32f1xx_hal_dma.o(i.HAL_DMA_IRQHandler)
    HAL_DMA_Init                             0x08001ea1   Thumb Code    84  stm32f1xx_hal_dma.o(i.HAL_DMA_Init)
    HAL_DMA_Start_IT                         0x08001efd   Thumb Code   112  stm32f1xx_hal_dma.o(i.HAL_DMA_Start_IT)
    HAL_Delay                                0x08001f6d   Thumb Code    32  stm32f1xx_hal.o(i.HAL_Delay)
    HAL_GPIO_Init                            0x08001f91   Thumb Code   446  stm32f1xx_hal_gpio.o(i.HAL_GPIO_Init)
    HAL_GPIO_ReadPin                         0x08002171   Thumb Code    10  stm32f1xx_hal_gpio.o(i.HAL_GPIO_ReadPin)
    HAL_GPIO_WritePin                        0x0800217b   Thumb Code    10  stm32f1xx_hal_gpio.o(i.HAL_GPIO_WritePin)
    HAL_GetTick                              0x08002185   Thumb Code     6  stm32f1xx_hal.o(i.HAL_GetTick)
    HAL_IncTick                              0x08002191   Thumb Code    12  stm32f1xx_hal.o(i.HAL_IncTick)
    HAL_Init                                 0x080021a1   Thumb Code    32  stm32f1xx_hal.o(i.HAL_Init)
    HAL_InitTick                             0x080021c5   Thumb Code    54  stm32f1xx_hal.o(i.HAL_InitTick)
    HAL_MspInit                              0x08002205   Thumb Code    52  stm32f1xx_hal_msp.o(i.HAL_MspInit)
    HAL_NVIC_EnableIRQ                       0x08002241   Thumb Code    26  stm32f1xx_hal_cortex.o(i.HAL_NVIC_EnableIRQ)
    HAL_NVIC_SetPriority                     0x0800225d   Thumb Code    60  stm32f1xx_hal_cortex.o(i.HAL_NVIC_SetPriority)
    HAL_NVIC_SetPriorityGrouping             0x0800229d   Thumb Code    26  stm32f1xx_hal_cortex.o(i.HAL_NVIC_SetPriorityGrouping)
    HAL_RCC_ClockConfig                      0x080022c1   Thumb Code   280  stm32f1xx_hal_rcc.o(i.HAL_RCC_ClockConfig)
    HAL_RCC_GetPCLK1Freq                     0x080023ed   Thumb Code    20  stm32f1xx_hal_rcc.o(i.HAL_RCC_GetPCLK1Freq)
    HAL_RCC_GetPCLK2Freq                     0x0800240d   Thumb Code    20  stm32f1xx_hal_rcc.o(i.HAL_RCC_GetPCLK2Freq)
    HAL_RCC_GetSysClockFreq                  0x0800242d   Thumb Code    58  stm32f1xx_hal_rcc.o(i.HAL_RCC_GetSysClockFreq)
    HAL_RCC_OscConfig                        0x08002479   Thumb Code   778  stm32f1xx_hal_rcc.o(i.HAL_RCC_OscConfig)
    HAL_SYSTICK_Config                       0x08002799   Thumb Code    40  stm32f1xx_hal_cortex.o(i.HAL_SYSTICK_Config)
    HAL_TIMEx_BreakCallback                  0x080027c1   Thumb Code     2  stm32f1xx_hal_tim_ex.o(i.HAL_TIMEx_BreakCallback)
    HAL_TIMEx_CommutCallback                 0x080027c3   Thumb Code     2  stm32f1xx_hal_tim_ex.o(i.HAL_TIMEx_CommutCallback)
    HAL_TIMEx_ConfigBreakDeadTime            0x080027c5   Thumb Code    84  stm32f1xx_hal_tim_ex.o(i.HAL_TIMEx_ConfigBreakDeadTime)
    HAL_TIMEx_MasterConfigSynchronization    0x08002819   Thumb Code    92  stm32f1xx_hal_tim_ex.o(i.HAL_TIMEx_MasterConfigSynchronization)
    HAL_TIM_Base_Init                        0x08002881   Thumb Code    90  stm32f1xx_hal_tim.o(i.HAL_TIM_Base_Init)
    HAL_TIM_Base_MspInit                     0x080028dd   Thumb Code    50  stm32f1xx_hal_msp.o(i.HAL_TIM_Base_MspInit)
    HAL_TIM_Base_Start_IT                    0x08002919   Thumb Code    76  stm32f1xx_hal_tim.o(i.HAL_TIM_Base_Start_IT)
    HAL_TIM_ConfigClockSource                0x08002971   Thumb Code   220  stm32f1xx_hal_tim.o(i.HAL_TIM_ConfigClockSource)
    HAL_TIM_Encoder_Init                     0x08002a4d   Thumb Code   164  stm32f1xx_hal_tim.o(i.HAL_TIM_Encoder_Init)
    HAL_TIM_Encoder_MspInit                  0x08002af1   Thumb Code   122  stm32f1xx_hal_msp.o(i.HAL_TIM_Encoder_MspInit)
    HAL_TIM_Encoder_Start                    0x08002b7d   Thumb Code   142  stm32f1xx_hal_tim.o(i.HAL_TIM_Encoder_Start)
    HAL_TIM_IC_CaptureCallback               0x08002c0b   Thumb Code     2  stm32f1xx_hal_tim.o(i.HAL_TIM_IC_CaptureCallback)
    HAL_TIM_IRQHandler                       0x08002c0d   Thumb Code   304  stm32f1xx_hal_tim.o(i.HAL_TIM_IRQHandler)
    HAL_TIM_MspPostInit                      0x08002d3d   Thumb Code    64  stm32f1xx_hal_msp.o(i.HAL_TIM_MspPostInit)
    HAL_TIM_OC_DelayElapsedCallback          0x08002d89   Thumb Code     2  stm32f1xx_hal_tim.o(i.HAL_TIM_OC_DelayElapsedCallback)
    HAL_TIM_PWM_ConfigChannel                0x08002d8b   Thumb Code   204  stm32f1xx_hal_tim.o(i.HAL_TIM_PWM_ConfigChannel)
    HAL_TIM_PWM_Init                         0x08002e57   Thumb Code    90  stm32f1xx_hal_tim.o(i.HAL_TIM_PWM_Init)
    HAL_TIM_PWM_MspInit                      0x08002eb1   Thumb Code    30  stm32f1xx_hal_msp.o(i.HAL_TIM_PWM_MspInit)
    HAL_TIM_PWM_PulseFinishedCallback        0x08002ed9   Thumb Code     2  stm32f1xx_hal_tim.o(i.HAL_TIM_PWM_PulseFinishedCallback)
    HAL_TIM_PWM_Start                        0x08002edd   Thumb Code   144  stm32f1xx_hal_tim.o(i.HAL_TIM_PWM_Start)
    HAL_TIM_PeriodElapsedCallback            0x08002f79   Thumb Code     2  stm32f1xx_hal_tim.o(i.HAL_TIM_PeriodElapsedCallback)
    HAL_TIM_TriggerCallback                  0x08002f7b   Thumb Code     2  stm32f1xx_hal_tim.o(i.HAL_TIM_TriggerCallback)
    HAL_UARTEx_RxEventCallback               0x08002f7d   Thumb Code     2  stm32f1xx_hal_uart.o(i.HAL_UARTEx_RxEventCallback)
    HAL_UART_ErrorCallback                   0x08002f7f   Thumb Code     2  stm32f1xx_hal_uart.o(i.HAL_UART_ErrorCallback)
    HAL_UART_IRQHandler                      0x08002f81   Thumb Code   616  stm32f1xx_hal_uart.o(i.HAL_UART_IRQHandler)
    HAL_UART_Init                            0x080031ed   Thumb Code   100  stm32f1xx_hal_uart.o(i.HAL_UART_Init)
    HAL_UART_MspInit                         0x08003251   Thumb Code   156  stm32f1xx_hal_msp.o(i.HAL_UART_MspInit)
    HAL_UART_Receive_IT                      0x08003301   Thumb Code    28  stm32f1xx_hal_uart.o(i.HAL_UART_Receive_IT)
    HAL_UART_RxCpltCallback                  0x0800331d   Thumb Code    44  main.o(i.HAL_UART_RxCpltCallback)
    HAL_UART_Transmit_DMA                    0x08003355   Thumb Code   106  stm32f1xx_hal_uart.o(i.HAL_UART_Transmit_DMA)
    HAL_UART_TxCpltCallback                  0x080033cd   Thumb Code     2  stm32f1xx_hal_uart.o(i.HAL_UART_TxCpltCallback)
    HAL_UART_TxHalfCpltCallback              0x080033cf   Thumb Code     2  stm32f1xx_hal_uart.o(i.HAL_UART_TxHalfCpltCallback)
    HardFault_Handler                        0x080033d1   Thumb Code     2  stm32f1xx_it.o(i.HardFault_Handler)
    MemManage_Handler                        0x080036a9   Thumb Code     2  stm32f1xx_it.o(i.MemManage_Handler)
    NMI_Handler                              0x080036ab   Thumb Code     2  stm32f1xx_it.o(i.NMI_Handler)
    PWM_Set_Duty                             0x080036ad   Thumb Code    76  motor.o(i.PWM_Set_Duty)
    PendSV_Handler                           0x080036fd   Thumb Code     2  stm32f1xx_it.o(i.PendSV_Handler)
    SVC_Handler                              0x080036ff   Thumb Code     2  stm32f1xx_it.o(i.SVC_Handler)
    SysTick_Handler                          0x08003701   Thumb Code     4  stm32f1xx_it.o(i.SysTick_Handler)
    SystemClock_Config                       0x08003705   Thumb Code    94  main.o(i.SystemClock_Config)
    SystemInit                               0x08003763   Thumb Code     2  system_stm32f1xx.o(i.SystemInit)
    TIM3_IRQHandler                          0x08003765   Thumb Code     6  stm32f1xx_it.o(i.TIM3_IRQHandler)
    TIM_Base_SetConfig                       0x08003771   Thumb Code   108  stm32f1xx_hal_tim.o(i.TIM_Base_SetConfig)
    TIM_CCxChannelCmd                        0x080037e9   Thumb Code    26  stm32f1xx_hal_tim.o(i.TIM_CCxChannelCmd)
    TIM_ETR_SetConfig                        0x08003803   Thumb Code    20  stm32f1xx_hal_tim.o(i.TIM_ETR_SetConfig)
    TIM_OC2_SetConfig                        0x08003879   Thumb Code    84  stm32f1xx_hal_tim.o(i.TIM_OC2_SetConfig)
    UART_Start_Receive_IT                    0x08003c3d   Thumb Code    54  stm32f1xx_hal_uart.o(i.UART_Start_Receive_IT)
    USART2_IRQHandler                        0x08003c75   Thumb Code     6  stm32f1xx_it.o(i.USART2_IRQHandler)
    UsageFault_Handler                       0x08003c81   Thumb Code     2  stm32f1xx_it.o(i.UsageFault_Handler)
    __ARM_fpclassify                         0x08003c83   Thumb Code    40  fpclassify.o(i.__ARM_fpclassify)
    _is_digit                                0x08003ccb   Thumb Code    14  __printf_wp.o(i._is_digit)
    control_motor                            0x08003d31   Thumb Code   108  motor.o(i.control_motor)
    i2c_soft_init                            0x080040c9   Thumb Code    30  soft_i2c.o(i.i2c_soft_init)
    i2c_soft_read_addr8_bytes                0x080040e7   Thumb Code   118  soft_i2c.o(i.i2c_soft_read_addr8_bytes)
    i2c_soft_read_addr8_data16               0x0800415d   Thumb Code   108  soft_i2c.o(i.i2c_soft_read_addr8_data16)
    i2c_soft_read_addr8_data32               0x080041c9   Thumb Code   138  soft_i2c.o(i.i2c_soft_read_addr8_data32)
    i2c_soft_read_addr8_data8                0x08004253   Thumb Code    88  soft_i2c.o(i.i2c_soft_read_addr8_data8)
    i2c_soft_write_addr8_bytes               0x08004395   Thumb Code    80  soft_i2c.o(i.i2c_soft_write_addr8_bytes)
    i2c_soft_write_addr8_data8               0x080043e5   Thumb Code    66  soft_i2c.o(i.i2c_soft_write_addr8_data8)
    main                                     0x080049bd   Thumb Code   496  main.o(i.main)
    motor_init                               0x08004cc5   Thumb Code    34  motor.o(i.motor_init)
    pid_init                                 0x08004d61   Thumb Code    34  pid.o(i.pid_init)
    response_uart                            0x08004d83   Thumb Code    84  response.o(i.response_uart)
    robot_control                            0x08004dd7   Thumb Code    50  robot.o(i.robot_control)
    robot_init                               0x08004e09   Thumb Code    18  robot.o(i.robot_init)
    transmit                                 0x08004f31   Thumb Code    42  main.o(i.transmit)
    uart_handle                              0x08004f61   Thumb Code   164  uart.o(i.uart_handle)
    uart_receive_data                        0x08005015   Thumb Code    66  uart.o(i.uart_receive_data)
    vl53l0x_init                             0x08005061   Thumb Code   132  distance_sensor.o(i.vl53l0x_init)
    vl53l0x_read_all_sensor                  0x080050f1   Thumb Code    52  distance_sensor.o(i.vl53l0x_read_all_sensor)
    vl53l0x_read_range_single                0x0800512d   Thumb Code   266  distance_sensor.o(i.vl53l0x_read_range_single)
    _get_lc_numeric                          0x08005241   Thumb Code    44  lc_numeric_c.o(locale$$code)
    _get_lc_ctype                            0x0800526d   Thumb Code    44  lc_ctype_c.o(locale$$code)
    __aeabi_fadd                             0x08005299   Thumb Code     0  faddsub_clz.o(x$fpl$fadd)
    _fadd                                    0x08005299   Thumb Code   196  faddsub_clz.o(x$fpl$fadd)
    __fpl_fcmp_Inf                           0x0800535d   Thumb Code    24  fcmpi.o(x$fpl$fcmpinf)
    __aeabi_fdiv                             0x08005375   Thumb Code     0  fdiv.o(x$fpl$fdiv)
    _fdiv                                    0x08005375   Thumb Code   384  fdiv.o(x$fpl$fdiv)
    __aeabi_f2uiz                            0x080054f9   Thumb Code     0  ffixu.o(x$fpl$ffixu)
    _ffixu                                   0x080054f9   Thumb Code    62  ffixu.o(x$fpl$ffixu)
    __aeabi_i2f                              0x08005539   Thumb Code     0  fflt_clz.o(x$fpl$fflt)
    _fflt                                    0x08005539   Thumb Code    48  fflt_clz.o(x$fpl$fflt)
    __aeabi_ui2f                             0x08005569   Thumb Code     0  fflt_clz.o(x$fpl$ffltu)
    _ffltu                                   0x08005569   Thumb Code    38  fflt_clz.o(x$fpl$ffltu)
    __aeabi_cfcmple                          0x08005591   Thumb Code     0  fleqf.o(x$fpl$fleqf)
    _fcmple                                  0x08005591   Thumb Code   104  fleqf.o(x$fpl$fleqf)
    __fpl_fcmple_InfNaN                      0x080055e3   Thumb Code     0  fleqf.o(x$fpl$fleqf)
    __aeabi_fmul                             0x080055f9   Thumb Code     0  fmul.o(x$fpl$fmul)
    _fmul                                    0x080055f9   Thumb Code   258  fmul.o(x$fpl$fmul)
    __fpl_fnaninf                            0x080056fb   Thumb Code   140  fnaninf.o(x$fpl$fnaninf)
    __fpl_fretinf                            0x08005787   Thumb Code    10  fretinf.o(x$fpl$fretinf)
    __aeabi_fsub                             0x08005791   Thumb Code     0  faddsub_clz.o(x$fpl$fsub)
    _fsub                                    0x08005791   Thumb Code   234  faddsub_clz.o(x$fpl$fsub)
    _printf_fp_dec                           0x0800587b   Thumb Code     4  printf1.o(x$fpl$printf1)
    _printf_fp_hex                           0x0800587f   Thumb Code     4  printf2.o(x$fpl$printf2)
    __I$use$fp                               0x08005882   Number         0  usenofp.o(x$fpl$usenofp)
    AHBPrescTable                            0x08005894   Data          16  system_stm32f1xx.o(.constdata)
    APBPrescTable                            0x080058a4   Data           8  system_stm32f1xx.o(.constdata)
    Region$$Table$$Base                      0x080059a8   Number         0  anon$$obj.o(Region$$Table)
    Region$$Table$$Limit                     0x080059c8   Number         0  anon$$obj.o(Region$$Table)
    __ctype                                  0x080059f1   Data           0  lc_ctype_c.o(locale$$data)
    flag                                     0x20000000   Data           1  main.o(.data)
    idx                                      0x20000001   Data           1  main.o(.data)
    count                                    0x20000002   Data           1  main.o(.data)
    data_rx                                  0x20000003   Data           1  main.o(.data)
    uwTickFreq                               0x20000004   Data           1  stm32f1xx_hal.o(.data)
    uwTickPrio                               0x20000008   Data           4  stm32f1xx_hal.o(.data)
    uwTick                                   0x2000000c   Data           4  stm32f1xx_hal.o(.data)
    SystemCoreClock                          0x20000010   Data           4  system_stm32f1xx.o(.data)
    flag_cpltReceive                         0x20000014   Data           1  uart.o(.data)
    buffer_index                             0x20000015   Data           1  uart.o(.data)
    flag_data_error                          0x20000016   Data           1  uart.o(.data)
    htim1                                    0x20000020   Data          72  main.o(.bss)
    htim2                                    0x20000068   Data          72  main.o(.bss)
    htim3                                    0x200000b0   Data          72  main.o(.bss)
    htim4                                    0x200000f8   Data          72  main.o(.bss)
    huart2                                   0x20000140   Data          72  main.o(.bss)
    motor_left                               0x20000188   Data          32  main.o(.bss)
    motor_right                              0x200001a8   Data          32  main.o(.bss)
    robot                                    0x200001c8   Data          20  main.o(.bss)
    pid_left                                 0x200001dc   Data          44  main.o(.bss)
    pid_right                                0x20000208   Data          44  main.o(.bss)
    i2c_front                                0x20000234   Data          16  main.o(.bss)
    i2c_left                                 0x20000244   Data          16  main.o(.bss)
    i2c_right                                0x20000254   Data          16  main.o(.bss)
    distance_sensor_front                    0x20000264   Data          28  main.o(.bss)
    distance_sensor_left                     0x20000280   Data          28  main.o(.bss)
    distance_sensor_right                    0x2000029c   Data          28  main.o(.bss)
    buffer                                   0x200002b8   Data         256  main.o(.bss)
    hdma_usart2_tx                           0x200003b8   Data          68  main.o(.bss)
    uart_buff                                0x200003fc   Data          50  uart.o(.bss)
    argv                                     0x20000430   Data          20  uart.o(.bss)
    list_sensor                              0x20000444   Data          12  distance_sensor.o(.bss)
    __libspace_start                         0x20000450   Data          96  libspace.o(.bss)
    __temporary_stack_top$libspace           0x200004b0   Data           0  libspace.o(.bss)



==============================================================================

Memory Map of the image

  Image Entry point : 0x080000ed

  Load Region LR_IROM1 (Base: 0x08000000, Size: 0x00005b14, Max: 0x00010000, ABSOLUTE)

    Execution Region ER_IROM1 (Exec base: 0x08000000, Load base: 0x08000000, Size: 0x00005af4, Max: 0x00010000, ABSOLUTE)

    Exec Addr    Load Addr    Size         Type   Attr      Idx    E Section Name        Object

    0x08000000   0x08000000   0x000000ec   Data   RO            3    RESET               startup_stm32f103xb.o
    0x080000ec   0x080000ec   0x00000008   Code   RO         3165  * !!!main             c_w.l(__main.o)
    0x080000f4   0x080000f4   0x00000034   Code   RO         3530    !!!scatter          c_w.l(__scatter.o)
    0x08000128   0x08000128   0x0000001a   Code   RO         3532    !!handler_copy      c_w.l(__scatter_copy.o)
    0x08000142   0x08000142   0x00000002   PAD
    0x08000144   0x08000144   0x0000001c   Code   RO         3534    !!handler_zi        c_w.l(__scatter_zi.o)
    0x08000160   0x08000160   0x00000000   Code   RO         3279    .ARM.Collect$$_printf_percent$$00000000  c_w.l(_printf_percent.o)
    0x08000160   0x08000160   0x00000006   Code   RO         3268    .ARM.Collect$$_printf_percent$$00000001  c_w.l(_printf_n.o)
    0x08000166   0x08000166   0x00000006   Code   RO         3270    .ARM.Collect$$_printf_percent$$00000002  c_w.l(_printf_p.o)
    0x0800016c   0x0800016c   0x00000006   Code   RO         3275    .ARM.Collect$$_printf_percent$$00000003  c_w.l(_printf_f.o)
    0x08000172   0x08000172   0x00000006   Code   RO         3276    .ARM.Collect$$_printf_percent$$00000004  c_w.l(_printf_e.o)
    0x08000178   0x08000178   0x00000006   Code   RO         3277    .ARM.Collect$$_printf_percent$$00000005  c_w.l(_printf_g.o)
    0x0800017e   0x0800017e   0x00000006   Code   RO         3278    .ARM.Collect$$_printf_percent$$00000006  c_w.l(_printf_a.o)
    0x08000184   0x08000184   0x0000000a   Code   RO         3283    .ARM.Collect$$_printf_percent$$00000007  c_w.l(_printf_ll.o)
    0x0800018e   0x0800018e   0x00000006   Code   RO         3272    .ARM.Collect$$_printf_percent$$00000008  c_w.l(_printf_i.o)
    0x08000194   0x08000194   0x00000006   Code   RO         3273    .ARM.Collect$$_printf_percent$$00000009  c_w.l(_printf_d.o)
    0x0800019a   0x0800019a   0x00000006   Code   RO         3274    .ARM.Collect$$_printf_percent$$0000000A  c_w.l(_printf_u.o)
    0x080001a0   0x080001a0   0x00000006   Code   RO         3271    .ARM.Collect$$_printf_percent$$0000000B  c_w.l(_printf_o.o)
    0x080001a6   0x080001a6   0x00000006   Code   RO         3269    .ARM.Collect$$_printf_percent$$0000000C  c_w.l(_printf_x.o)
    0x080001ac   0x080001ac   0x00000006   Code   RO         3280    .ARM.Collect$$_printf_percent$$0000000D  c_w.l(_printf_lli.o)
    0x080001b2   0x080001b2   0x00000006   Code   RO         3281    .ARM.Collect$$_printf_percent$$0000000E  c_w.l(_printf_lld.o)
    0x080001b8   0x080001b8   0x00000006   Code   RO         3282    .ARM.Collect$$_printf_percent$$0000000F  c_w.l(_printf_llu.o)
    0x080001be   0x080001be   0x00000006   Code   RO         3287    .ARM.Collect$$_printf_percent$$00000010  c_w.l(_printf_llo.o)
    0x080001c4   0x080001c4   0x00000006   Code   RO         3288    .ARM.Collect$$_printf_percent$$00000011  c_w.l(_printf_llx.o)
    0x080001ca   0x080001ca   0x0000000a   Code   RO         3284    .ARM.Collect$$_printf_percent$$00000012  c_w.l(_printf_l.o)
    0x080001d4   0x080001d4   0x00000006   Code   RO         3266    .ARM.Collect$$_printf_percent$$00000013  c_w.l(_printf_c.o)
    0x080001da   0x080001da   0x00000006   Code   RO         3267    .ARM.Collect$$_printf_percent$$00000014  c_w.l(_printf_s.o)
    0x080001e0   0x080001e0   0x00000006   Code   RO         3285    .ARM.Collect$$_printf_percent$$00000015  c_w.l(_printf_lc.o)
    0x080001e6   0x080001e6   0x00000006   Code   RO         3286    .ARM.Collect$$_printf_percent$$00000016  c_w.l(_printf_ls.o)
    0x080001ec   0x080001ec   0x00000004   Code   RO         3338    .ARM.Collect$$_printf_percent$$00000017  c_w.l(_printf_percent_end.o)
    0x080001f0   0x080001f0   0x00000002   Code   RO         3391    .ARM.Collect$$libinit$$00000000  c_w.l(libinit.o)
    0x080001f2   0x080001f2   0x00000000   Code   RO         3407    .ARM.Collect$$libinit$$00000002  c_w.l(libinit2.o)
    0x080001f2   0x080001f2   0x00000000   Code   RO         3409    .ARM.Collect$$libinit$$00000004  c_w.l(libinit2.o)
    0x080001f2   0x080001f2   0x00000000   Code   RO         3412    .ARM.Collect$$libinit$$0000000A  c_w.l(libinit2.o)
    0x080001f2   0x080001f2   0x00000000   Code   RO         3414    .ARM.Collect$$libinit$$0000000C  c_w.l(libinit2.o)
    0x080001f2   0x080001f2   0x00000000   Code   RO         3416    .ARM.Collect$$libinit$$0000000E  c_w.l(libinit2.o)
    0x080001f2   0x080001f2   0x00000006   Code   RO         3417    .ARM.Collect$$libinit$$0000000F  c_w.l(libinit2.o)
    0x080001f8   0x080001f8   0x00000000   Code   RO         3419    .ARM.Collect$$libinit$$00000011  c_w.l(libinit2.o)
    0x080001f8   0x080001f8   0x0000000c   Code   RO         3420    .ARM.Collect$$libinit$$00000012  c_w.l(libinit2.o)
    0x08000204   0x08000204   0x00000000   Code   RO         3421    .ARM.Collect$$libinit$$00000013  c_w.l(libinit2.o)
    0x08000204   0x08000204   0x00000000   Code   RO         3423    .ARM.Collect$$libinit$$00000015  c_w.l(libinit2.o)
    0x08000204   0x08000204   0x0000000a   Code   RO         3424    .ARM.Collect$$libinit$$00000016  c_w.l(libinit2.o)
    0x0800020e   0x0800020e   0x00000000   Code   RO         3425    .ARM.Collect$$libinit$$00000017  c_w.l(libinit2.o)
    0x0800020e   0x0800020e   0x00000000   Code   RO         3427    .ARM.Collect$$libinit$$00000019  c_w.l(libinit2.o)
    0x0800020e   0x0800020e   0x00000000   Code   RO         3429    .ARM.Collect$$libinit$$0000001B  c_w.l(libinit2.o)
    0x0800020e   0x0800020e   0x00000000   Code   RO         3431    .ARM.Collect$$libinit$$0000001D  c_w.l(libinit2.o)
    0x0800020e   0x0800020e   0x00000000   Code   RO         3433    .ARM.Collect$$libinit$$0000001F  c_w.l(libinit2.o)
    0x0800020e   0x0800020e   0x00000000   Code   RO         3435    .ARM.Collect$$libinit$$00000021  c_w.l(libinit2.o)
    0x0800020e   0x0800020e   0x00000000   Code   RO         3437    .ARM.Collect$$libinit$$00000023  c_w.l(libinit2.o)
    0x0800020e   0x0800020e   0x00000000   Code   RO         3439    .ARM.Collect$$libinit$$00000025  c_w.l(libinit2.o)
    0x0800020e   0x0800020e   0x00000000   Code   RO         3443    .ARM.Collect$$libinit$$0000002C  c_w.l(libinit2.o)
    0x0800020e   0x0800020e   0x00000000   Code   RO         3445    .ARM.Collect$$libinit$$0000002E  c_w.l(libinit2.o)
    0x0800020e   0x0800020e   0x00000000   Code   RO         3447    .ARM.Collect$$libinit$$00000030  c_w.l(libinit2.o)
    0x0800020e   0x0800020e   0x00000000   Code   RO         3449    .ARM.Collect$$libinit$$00000032  c_w.l(libinit2.o)
    0x0800020e   0x0800020e   0x00000002   Code   RO         3450    .ARM.Collect$$libinit$$00000033  c_w.l(libinit2.o)
    0x08000210   0x08000210   0x00000002   Code   RO         3470    .ARM.Collect$$libshutdown$$00000000  c_w.l(libshutdown.o)
    0x08000212   0x08000212   0x00000000   Code   RO         3483    .ARM.Collect$$libshutdown$$00000002  c_w.l(libshutdown2.o)
    0x08000212   0x08000212   0x00000000   Code   RO         3485    .ARM.Collect$$libshutdown$$00000004  c_w.l(libshutdown2.o)
    0x08000212   0x08000212   0x00000000   Code   RO         3488    .ARM.Collect$$libshutdown$$00000007  c_w.l(libshutdown2.o)
    0x08000212   0x08000212   0x00000000   Code   RO         3491    .ARM.Collect$$libshutdown$$0000000A  c_w.l(libshutdown2.o)
    0x08000212   0x08000212   0x00000000   Code   RO         3493    .ARM.Collect$$libshutdown$$0000000C  c_w.l(libshutdown2.o)
    0x08000212   0x08000212   0x00000000   Code   RO         3496    .ARM.Collect$$libshutdown$$0000000F  c_w.l(libshutdown2.o)
    0x08000212   0x08000212   0x00000002   Code   RO         3497    .ARM.Collect$$libshutdown$$00000010  c_w.l(libshutdown2.o)
    0x08000214   0x08000214   0x00000000   Code   RO         3195    .ARM.Collect$$rtentry$$00000000  c_w.l(__rtentry.o)
    0x08000214   0x08000214   0x00000000   Code   RO         3309    .ARM.Collect$$rtentry$$00000002  c_w.l(__rtentry2.o)
    0x08000214   0x08000214   0x00000006   Code   RO         3321    .ARM.Collect$$rtentry$$00000004  c_w.l(__rtentry4.o)
    0x0800021a   0x0800021a   0x00000000   Code   RO         3311    .ARM.Collect$$rtentry$$00000009  c_w.l(__rtentry2.o)
    0x0800021a   0x0800021a   0x00000004   Code   RO         3312    .ARM.Collect$$rtentry$$0000000A  c_w.l(__rtentry2.o)
    0x0800021e   0x0800021e   0x00000000   Code   RO         3314    .ARM.Collect$$rtentry$$0000000C  c_w.l(__rtentry2.o)
    0x0800021e   0x0800021e   0x00000008   Code   RO         3315    .ARM.Collect$$rtentry$$0000000D  c_w.l(__rtentry2.o)
    0x08000226   0x08000226   0x00000002   Code   RO         3399    .ARM.Collect$$rtexit$$00000000  c_w.l(rtexit.o)
    0x08000228   0x08000228   0x00000000   Code   RO         3452    .ARM.Collect$$rtexit$$00000002  c_w.l(rtexit2.o)
    0x08000228   0x08000228   0x00000004   Code   RO         3453    .ARM.Collect$$rtexit$$00000003  c_w.l(rtexit2.o)
    0x0800022c   0x0800022c   0x00000006   Code   RO         3454    .ARM.Collect$$rtexit$$00000004  c_w.l(rtexit2.o)
    0x08000232   0x08000232   0x00000002   PAD
    0x08000234   0x08000234   0x00000040   Code   RO            4    .text               startup_stm32f103xb.o
    0x08000274   0x08000274   0x00000034   Code   RO         3154    .text               c_w.l(vsnprintf.o)
    0x080002a8   0x080002a8   0x0000000c   Code   RO         3156    .text               c_w.l(strtok.o)
    0x080002b4   0x080002b4   0x0000003e   Code   RO         3159    .text               c_w.l(strlen.o)
    0x080002f2   0x080002f2   0x0000004e   Code   RO         3161    .text               c_w.l(rt_memclr_w.o)
    0x08000340   0x08000340   0x00000006   Code   RO         3163    .text               c_w.l(heapauxi.o)
    0x08000346   0x08000346   0x0000004e   Code   RO         3198    .text               c_w.l(_printf_pad.o)
    0x08000394   0x08000394   0x00000024   Code   RO         3200    .text               c_w.l(_printf_truncate.o)
    0x080003b8   0x080003b8   0x00000052   Code   RO         3202    .text               c_w.l(_printf_str.o)
    0x0800040a   0x0800040a   0x00000002   PAD
    0x0800040c   0x0800040c   0x00000078   Code   RO         3204    .text               c_w.l(_printf_dec.o)
    0x08000484   0x08000484   0x00000028   Code   RO         3206    .text               c_w.l(_printf_charcount.o)
    0x080004ac   0x080004ac   0x00000030   Code   RO         3208    .text               c_w.l(_printf_char_common.o)
    0x080004dc   0x080004dc   0x0000000a   Code   RO         3210    .text               c_w.l(_sputc.o)
    0x080004e6   0x080004e6   0x00000010   Code   RO         3212    .text               c_w.l(_snputc.o)
    0x080004f6   0x080004f6   0x00000002   PAD
    0x080004f8   0x080004f8   0x000000bc   Code   RO         3214    .text               c_w.l(_printf_wctomb.o)
    0x080005b4   0x080005b4   0x0000007c   Code   RO         3217    .text               c_w.l(_printf_longlong_dec.o)
    0x08000630   0x08000630   0x00000070   Code   RO         3223    .text               c_w.l(_printf_oct_int_ll.o)
    0x080006a0   0x080006a0   0x00000094   Code   RO         3243    .text               c_w.l(_printf_hex_int_ll_ptr.o)
    0x08000734   0x08000734   0x00000188   Code   RO         3263    .text               c_w.l(__printf_flags_ss_wp.o)
    0x080008bc   0x080008bc   0x00000044   Code   RO         3289    .text               c_w.l(strtok_int.o)
    0x08000900   0x08000900   0x0000008a   Code   RO         3323    .text               c_w.l(lludiv10.o)
    0x0800098a   0x0800098a   0x000000b2   Code   RO         3325    .text               c_w.l(_printf_intcommon.o)
    0x08000a3c   0x08000a3c   0x0000041e   Code   RO         3327    .text               c_w.l(_printf_fp_dec.o)
    0x08000e5a   0x08000e5a   0x00000002   PAD
    0x08000e5c   0x08000e5c   0x000002fc   Code   RO         3329    .text               c_w.l(_printf_fp_hex.o)
    0x08001158   0x08001158   0x0000002c   Code   RO         3334    .text               c_w.l(_printf_char.o)
    0x08001184   0x08001184   0x0000002c   Code   RO         3336    .text               c_w.l(_printf_wchar.o)
    0x080011b0   0x080011b0   0x00000040   Code   RO         3339    .text               c_w.l(_wcrtomb.o)
    0x080011f0   0x080011f0   0x00000020   Code   RO         3341    .text               c_w.l(strcspn.o)
    0x08001210   0x08001210   0x0000001c   Code   RO         3343    .text               c_w.l(strspn.o)
    0x0800122c   0x0800122c   0x0000004a   Code   RO         3345    .text               c_w.l(sys_stackheap_outer.o)
    0x08001276   0x08001276   0x00000002   PAD
    0x08001278   0x08001278   0x00000010   Code   RO         3347    .text               c_w.l(rt_ctype_table.o)
    0x08001288   0x08001288   0x00000008   Code   RO         3352    .text               c_w.l(rt_locale_intlibspace.o)
    0x08001290   0x08001290   0x00000080   Code   RO         3354    .text               c_w.l(_printf_fp_infnan.o)
    0x08001310   0x08001310   0x000000e4   Code   RO         3356    .text               c_w.l(bigflt0.o)
    0x080013f4   0x080013f4   0x00000012   Code   RO         3384    .text               c_w.l(exit.o)
    0x08001406   0x08001406   0x00000002   PAD
    0x08001408   0x08001408   0x00000008   Code   RO         3396    .text               c_w.l(libspace.o)
    0x08001410   0x08001410   0x00000080   Code   RO         3404    .text               c_w.l(strcmpv7m.o)
    0x08001490   0x08001490   0x0000000c   Code   RO         3462    .text               c_w.l(sys_exit.o)
    0x0800149c   0x0800149c   0x00000002   Code   RO         3473    .text               c_w.l(use_no_semi.o)
    0x0800149e   0x0800149e   0x00000000   Code   RO         3475    .text               c_w.l(indicate_semi.o)
    0x0800149e   0x0800149e   0x0000003e   Code   RO         3359    CL$$btod_d2e        c_w.l(btod.o)
    0x080014dc   0x080014dc   0x00000046   Code   RO         3361    CL$$btod_d2e_denorm_low  c_w.l(btod.o)
    0x08001522   0x08001522   0x00000060   Code   RO         3360    CL$$btod_d2e_norm_op1  c_w.l(btod.o)
    0x08001582   0x08001582   0x00000338   Code   RO         3369    CL$$btod_div_common  c_w.l(btod.o)
    0x080018ba   0x080018ba   0x000000dc   Code   RO         3366    CL$$btod_e2e        c_w.l(btod.o)
    0x08001996   0x08001996   0x0000002a   Code   RO         3363    CL$$btod_ediv       c_w.l(btod.o)
    0x080019c0   0x080019c0   0x0000002a   Code   RO         3362    CL$$btod_emul       c_w.l(btod.o)
    0x080019ea   0x080019ea   0x00000244   Code   RO         3368    CL$$btod_mult_common  c_w.l(btod.o)
    0x08001c2e   0x08001c2e   0x00000002   Code   RO          218    i.BusFault_Handler  stm32f1xx_it.o
    0x08001c30   0x08001c30   0x0000000c   Code   RO          219    i.DMA1_Channel7_IRQHandler  stm32f1xx_it.o
    0x08001c3c   0x08001c3c   0x0000002a   Code   RO         1780    i.DMA_SetConfig     stm32f1xx_hal_dma.o
    0x08001c66   0x08001c66   0x00000002   Code   RO          220    i.DebugMon_Handler  stm32f1xx_it.o
    0x08001c68   0x08001c68   0x00000004   Code   RO           13    i.Error_Handler     main.o
    0x08001c6c   0x08001c6c   0x00000046   Code   RO         1781    i.HAL_DMA_Abort     stm32f1xx_hal_dma.o
    0x08001cb2   0x08001cb2   0x00000002   PAD
    0x08001cb4   0x08001cb4   0x00000098   Code   RO         1782    i.HAL_DMA_Abort_IT  stm32f1xx_hal_dma.o
    0x08001d4c   0x08001d4c   0x00000154   Code   RO         1786    i.HAL_DMA_IRQHandler  stm32f1xx_hal_dma.o
    0x08001ea0   0x08001ea0   0x0000005c   Code   RO         1787    i.HAL_DMA_Init      stm32f1xx_hal_dma.o
    0x08001efc   0x08001efc   0x00000070   Code   RO         1791    i.HAL_DMA_Start_IT  stm32f1xx_hal_dma.o
    0x08001f6c   0x08001f6c   0x00000024   Code   RO         1407    i.HAL_Delay         stm32f1xx_hal.o
    0x08001f90   0x08001f90   0x000001e0   Code   RO         1717    i.HAL_GPIO_Init     stm32f1xx_hal_gpio.o
    0x08002170   0x08002170   0x0000000a   Code   RO         1719    i.HAL_GPIO_ReadPin  stm32f1xx_hal_gpio.o
    0x0800217a   0x0800217a   0x0000000a   Code   RO         1721    i.HAL_GPIO_WritePin  stm32f1xx_hal_gpio.o
    0x08002184   0x08002184   0x0000000c   Code   RO         1411    i.HAL_GetTick       stm32f1xx_hal.o
    0x08002190   0x08002190   0x00000010   Code   RO         1417    i.HAL_IncTick       stm32f1xx_hal.o
    0x080021a0   0x080021a0   0x00000024   Code   RO         1418    i.HAL_Init          stm32f1xx_hal.o
    0x080021c4   0x080021c4   0x00000040   Code   RO         1419    i.HAL_InitTick      stm32f1xx_hal.o
    0x08002204   0x08002204   0x0000003c   Code   RO          312    i.HAL_MspInit       stm32f1xx_hal_msp.o
    0x08002240   0x08002240   0x0000001a   Code   RO         1877    i.HAL_NVIC_EnableIRQ  stm32f1xx_hal_cortex.o
    0x0800225a   0x0800225a   0x00000002   PAD
    0x0800225c   0x0800225c   0x00000040   Code   RO         1883    i.HAL_NVIC_SetPriority  stm32f1xx_hal_cortex.o
    0x0800229c   0x0800229c   0x00000024   Code   RO         1884    i.HAL_NVIC_SetPriorityGrouping  stm32f1xx_hal_cortex.o
    0x080022c0   0x080022c0   0x0000012c   Code   RO         1575    i.HAL_RCC_ClockConfig  stm32f1xx_hal_rcc.o
    0x080023ec   0x080023ec   0x00000020   Code   RO         1582    i.HAL_RCC_GetPCLK1Freq  stm32f1xx_hal_rcc.o
    0x0800240c   0x0800240c   0x00000020   Code   RO         1583    i.HAL_RCC_GetPCLK2Freq  stm32f1xx_hal_rcc.o
    0x0800242c   0x0800242c   0x0000004c   Code   RO         1584    i.HAL_RCC_GetSysClockFreq  stm32f1xx_hal_rcc.o
    0x08002478   0x08002478   0x00000320   Code   RO         1587    i.HAL_RCC_OscConfig  stm32f1xx_hal_rcc.o
    0x08002798   0x08002798   0x00000028   Code   RO         1888    i.HAL_SYSTICK_Config  stm32f1xx_hal_cortex.o
    0x080027c0   0x080027c0   0x00000002   Code   RO         1133    i.HAL_TIMEx_BreakCallback  stm32f1xx_hal_tim_ex.o
    0x080027c2   0x080027c2   0x00000002   Code   RO         1134    i.HAL_TIMEx_CommutCallback  stm32f1xx_hal_tim_ex.o
    0x080027c4   0x080027c4   0x00000054   Code   RO         1136    i.HAL_TIMEx_ConfigBreakDeadTime  stm32f1xx_hal_tim_ex.o
    0x08002818   0x08002818   0x00000068   Code   RO         1152    i.HAL_TIMEx_MasterConfigSynchronization  stm32f1xx_hal_tim_ex.o
    0x08002880   0x08002880   0x0000005a   Code   RO          429    i.HAL_TIM_Base_Init  stm32f1xx_hal_tim.o
    0x080028da   0x080028da   0x00000002   PAD
    0x080028dc   0x080028dc   0x0000003c   Code   RO          314    i.HAL_TIM_Base_MspInit  stm32f1xx_hal_msp.o
    0x08002918   0x08002918   0x00000058   Code   RO          434    i.HAL_TIM_Base_Start_IT  stm32f1xx_hal_tim.o
    0x08002970   0x08002970   0x000000dc   Code   RO          438    i.HAL_TIM_ConfigClockSource  stm32f1xx_hal_tim.o
    0x08002a4c   0x08002a4c   0x000000a4   Code   RO          450    i.HAL_TIM_Encoder_Init  stm32f1xx_hal_tim.o
    0x08002af0   0x08002af0   0x0000008c   Code   RO          316    i.HAL_TIM_Encoder_MspInit  stm32f1xx_hal_msp.o
    0x08002b7c   0x08002b7c   0x0000008e   Code   RO          453    i.HAL_TIM_Encoder_Start  stm32f1xx_hal_tim.o
    0x08002c0a   0x08002c0a   0x00000002   Code   RO          463    i.HAL_TIM_IC_CaptureCallback  stm32f1xx_hal_tim.o
    0x08002c0c   0x08002c0c   0x00000130   Code   RO          477    i.HAL_TIM_IRQHandler  stm32f1xx_hal_tim.o
    0x08002d3c   0x08002d3c   0x0000004c   Code   RO          317    i.HAL_TIM_MspPostInit  stm32f1xx_hal_msp.o
    0x08002d88   0x08002d88   0x00000002   Code   RO          480    i.HAL_TIM_OC_DelayElapsedCallback  stm32f1xx_hal_tim.o
    0x08002d8a   0x08002d8a   0x000000cc   Code   RO          501    i.HAL_TIM_PWM_ConfigChannel  stm32f1xx_hal_tim.o
    0x08002e56   0x08002e56   0x0000005a   Code   RO          504    i.HAL_TIM_PWM_Init  stm32f1xx_hal_tim.o
    0x08002eb0   0x08002eb0   0x00000028   Code   RO          319    i.HAL_TIM_PWM_MspInit  stm32f1xx_hal_msp.o
    0x08002ed8   0x08002ed8   0x00000002   Code   RO          507    i.HAL_TIM_PWM_PulseFinishedCallback  stm32f1xx_hal_tim.o
    0x08002eda   0x08002eda   0x00000002   PAD
    0x08002edc   0x08002edc   0x0000009c   Code   RO          509    i.HAL_TIM_PWM_Start  stm32f1xx_hal_tim.o
    0x08002f78   0x08002f78   0x00000002   Code   RO          515    i.HAL_TIM_PeriodElapsedCallback  stm32f1xx_hal_tim.o
    0x08002f7a   0x08002f7a   0x00000002   Code   RO          520    i.HAL_TIM_TriggerCallback  stm32f1xx_hal_tim.o
    0x08002f7c   0x08002f7c   0x00000002   Code   RO         2389    i.HAL_UARTEx_RxEventCallback  stm32f1xx_hal_uart.o
    0x08002f7e   0x08002f7e   0x00000002   Code   RO         2403    i.HAL_UART_ErrorCallback  stm32f1xx_hal_uart.o
    0x08002f80   0x08002f80   0x0000026c   Code   RO         2406    i.HAL_UART_IRQHandler  stm32f1xx_hal_uart.o
    0x080031ec   0x080031ec   0x00000064   Code   RO         2407    i.HAL_UART_Init     stm32f1xx_hal_uart.o
    0x08003250   0x08003250   0x000000b0   Code   RO          321    i.HAL_UART_MspInit  stm32f1xx_hal_msp.o
    0x08003300   0x08003300   0x0000001c   Code   RO         2412    i.HAL_UART_Receive_IT  stm32f1xx_hal_uart.o
    0x0800331c   0x0800331c   0x00000038   Code   RO           15    i.HAL_UART_RxCpltCallback  main.o
    0x08003354   0x08003354   0x00000078   Code   RO         2416    i.HAL_UART_Transmit_DMA  stm32f1xx_hal_uart.o
    0x080033cc   0x080033cc   0x00000002   Code   RO         2418    i.HAL_UART_TxCpltCallback  stm32f1xx_hal_uart.o
    0x080033ce   0x080033ce   0x00000002   Code   RO         2419    i.HAL_UART_TxHalfCpltCallback  stm32f1xx_hal_uart.o
    0x080033d0   0x080033d0   0x00000002   Code   RO          221    i.HardFault_Handler  stm32f1xx_it.o
    0x080033d2   0x080033d2   0x00000002   PAD
    0x080033d4   0x080033d4   0x000000ec   Code   RO           16    i.MX_GPIO_Init      main.o
    0x080034c0   0x080034c0   0x000000b0   Code   RO           17    i.MX_TIM1_Init      main.o
    0x08003570   0x08003570   0x00000068   Code   RO           18    i.MX_TIM2_Init      main.o
    0x080035d8   0x080035d8   0x00000068   Code   RO           19    i.MX_TIM3_Init      main.o
    0x08003640   0x08003640   0x00000068   Code   RO           20    i.MX_TIM4_Init      main.o
    0x080036a8   0x080036a8   0x00000002   Code   RO          222    i.MemManage_Handler  stm32f1xx_it.o
    0x080036aa   0x080036aa   0x00000002   Code   RO          223    i.NMI_Handler       stm32f1xx_it.o
    0x080036ac   0x080036ac   0x00000050   Code   RO         2778    i.PWM_Set_Duty      motor.o
    0x080036fc   0x080036fc   0x00000002   Code   RO          224    i.PendSV_Handler    stm32f1xx_it.o
    0x080036fe   0x080036fe   0x00000002   Code   RO          225    i.SVC_Handler       stm32f1xx_it.o
    0x08003700   0x08003700   0x00000004   Code   RO          226    i.SysTick_Handler   stm32f1xx_it.o
    0x08003704   0x08003704   0x0000005e   Code   RO           21    i.SystemClock_Config  main.o
    0x08003762   0x08003762   0x00000002   Code   RO         2741    i.SystemInit        system_stm32f1xx.o
    0x08003764   0x08003764   0x0000000c   Code   RO          227    i.TIM3_IRQHandler   stm32f1xx_it.o
    0x08003770   0x08003770   0x00000078   Code   RO          522    i.TIM_Base_SetConfig  stm32f1xx_hal_tim.o
    0x080037e8   0x080037e8   0x0000001a   Code   RO          523    i.TIM_CCxChannelCmd  stm32f1xx_hal_tim.o
    0x08003802   0x08003802   0x00000014   Code   RO          533    i.TIM_ETR_SetConfig  stm32f1xx_hal_tim.o
    0x08003816   0x08003816   0x00000010   Code   RO          534    i.TIM_ITRx_SetConfig  stm32f1xx_hal_tim.o
    0x08003826   0x08003826   0x00000002   PAD
    0x08003828   0x08003828   0x00000050   Code   RO          535    i.TIM_OC1_SetConfig  stm32f1xx_hal_tim.o
    0x08003878   0x08003878   0x00000058   Code   RO          536    i.TIM_OC2_SetConfig  stm32f1xx_hal_tim.o
    0x080038d0   0x080038d0   0x00000058   Code   RO          537    i.TIM_OC3_SetConfig  stm32f1xx_hal_tim.o
    0x08003928   0x08003928   0x00000044   Code   RO          538    i.TIM_OC4_SetConfig  stm32f1xx_hal_tim.o
    0x0800396c   0x0800396c   0x00000022   Code   RO          540    i.TIM_TI1_ConfigInputStage  stm32f1xx_hal_tim.o
    0x0800398e   0x0800398e   0x00000024   Code   RO          542    i.TIM_TI2_ConfigInputStage  stm32f1xx_hal_tim.o
    0x080039b2   0x080039b2   0x00000010   Code   RO         2420    i.UART_DMAAbortOnError  stm32f1xx_hal_uart.o
    0x080039c2   0x080039c2   0x0000004a   Code   RO         2421    i.UART_DMAError     stm32f1xx_hal_uart.o
    0x08003a0c   0x08003a0c   0x00000042   Code   RO         2426    i.UART_DMATransmitCplt  stm32f1xx_hal_uart.o
    0x08003a4e   0x08003a4e   0x0000000a   Code   RO         2428    i.UART_DMATxHalfCplt  stm32f1xx_hal_uart.o
    0x08003a58   0x08003a58   0x0000004e   Code   RO         2430    i.UART_EndRxTransfer  stm32f1xx_hal_uart.o
    0x08003aa6   0x08003aa6   0x0000001c   Code   RO         2431    i.UART_EndTxTransfer  stm32f1xx_hal_uart.o
    0x08003ac2   0x08003ac2   0x000000c2   Code   RO         2432    i.UART_Receive_IT   stm32f1xx_hal_uart.o
    0x08003b84   0x08003b84   0x000000b8   Code   RO         2433    i.UART_SetConfig    stm32f1xx_hal_uart.o
    0x08003c3c   0x08003c3c   0x00000036   Code   RO         2435    i.UART_Start_Receive_IT  stm32f1xx_hal_uart.o
    0x08003c72   0x08003c72   0x00000002   PAD
    0x08003c74   0x08003c74   0x0000000c   Code   RO          228    i.USART2_IRQHandler  stm32f1xx_it.o
    0x08003c80   0x08003c80   0x00000002   Code   RO          229    i.UsageFault_Handler  stm32f1xx_it.o
    0x08003c82   0x08003c82   0x00000028   Code   RO         3394    i.__ARM_fpclassify  m_ws.l(fpclassify.o)
    0x08003caa   0x08003caa   0x00000020   Code   RO         1890    i.__NVIC_SetPriority  stm32f1xx_hal_cortex.o
    0x08003cca   0x08003cca   0x0000000e   Code   RO         3256    i._is_digit         c_w.l(__printf_wp.o)
    0x08003cd8   0x08003cd8   0x00000058   Code   RO         3038    i.configure_interrupt  distance_sensor.o
    0x08003d30   0x08003d30   0x00000070   Code   RO         2779    i.control_motor     motor.o
    0x08003da0   0x08003da0   0x000000ac   Code   RO         3039    i.data_init         distance_sensor.o
    0x08003e4c   0x08003e4c   0x00000088   Code   RO         2817    i.get_data          response.o
    0x08003ed4   0x08003ed4   0x000001ae   Code   RO         3040    i.get_spad_info_from_nvm  distance_sensor.o
    0x08004082   0x08004082   0x00000002   PAD
    0x08004084   0x08004084   0x00000044   Code   RO         2925    i.i2c_soft_delay    soft_i2c.o
    0x080040c8   0x080040c8   0x0000001e   Code   RO         2926    i.i2c_soft_init     soft_i2c.o
    0x080040e6   0x080040e6   0x00000076   Code   RO         2927    i.i2c_soft_read_addr8_bytes  soft_i2c.o
    0x0800415c   0x0800415c   0x0000006c   Code   RO         2928    i.i2c_soft_read_addr8_data16  soft_i2c.o
    0x080041c8   0x080041c8   0x0000008a   Code   RO         2929    i.i2c_soft_read_addr8_data32  soft_i2c.o
    0x08004252   0x08004252   0x00000058   Code   RO         2930    i.i2c_soft_read_addr8_data8  soft_i2c.o
    0x080042aa   0x080042aa   0x00000002   PAD
    0x080042ac   0x080042ac   0x00000064   Code   RO         2931    i.i2c_soft_read_byte  soft_i2c.o
    0x08004310   0x08004310   0x0000000a   Code   RO         2932    i.i2c_soft_scl_high  soft_i2c.o
    0x0800431a   0x0800431a   0x0000000a   Code   RO         2933    i.i2c_soft_scl_low  soft_i2c.o
    0x08004324   0x08004324   0x0000000a   Code   RO         2934    i.i2c_soft_sda_high  soft_i2c.o
    0x0800432e   0x0800432e   0x0000000a   Code   RO         2935    i.i2c_soft_sda_low  soft_i2c.o
    0x08004338   0x08004338   0x00000012   Code   RO         2936    i.i2c_soft_sda_read  soft_i2c.o
    0x0800434a   0x0800434a   0x00000026   Code   RO         2937    i.i2c_soft_start    soft_i2c.o
    0x08004370   0x08004370   0x00000024   Code   RO         2938    i.i2c_soft_stop     soft_i2c.o
    0x08004394   0x08004394   0x00000050   Code   RO         2939    i.i2c_soft_write_addr8_bytes  soft_i2c.o
    0x080043e4   0x080043e4   0x00000042   Code   RO         2940    i.i2c_soft_write_addr8_data8  soft_i2c.o
    0x08004426   0x08004426   0x00000062   Code   RO         2941    i.i2c_soft_write_byte  soft_i2c.o
    0x08004488   0x08004488   0x0000004c   Code   RO         3041    i.init_address      distance_sensor.o
    0x080044d4   0x080044d4   0x00000054   Code   RO         3042    i.init_config       distance_sensor.o
    0x08004528   0x08004528   0x00000492   Code   RO         3043    i.load_default_tuning_settings  distance_sensor.o
    0x080049ba   0x080049ba   0x00000002   PAD
    0x080049bc   0x080049bc   0x00000308   Code   RO           22    i.main              main.o
    0x08004cc4   0x08004cc4   0x00000022   Code   RO         2780    i.motor_init        motor.o
    0x08004ce6   0x08004ce6   0x0000007a   Code   RO         3044    i.perform_single_ref_calibration  distance_sensor.o
    0x08004d60   0x08004d60   0x00000022   Code   RO         3124    i.pid_init          pid.o
    0x08004d82   0x08004d82   0x00000054   Code   RO         2818    i.response_uart     response.o
    0x08004dd6   0x08004dd6   0x00000032   Code   RO         2892    i.robot_control     robot.o
    0x08004e08   0x08004e08   0x00000012   Code   RO         2893    i.robot_init        robot.o
    0x08004e1a   0x08004e1a   0x0000000c   Code   RO         3045    i.set_sequence_steps_enabled  distance_sensor.o
    0x08004e26   0x08004e26   0x00000002   PAD
    0x08004e28   0x08004e28   0x00000106   Code   RO         3046    i.set_spads_from_nvm  distance_sensor.o
    0x08004f2e   0x08004f2e   0x00000002   PAD
    0x08004f30   0x08004f30   0x00000030   Code   RO           23    i.transmit          main.o
    0x08004f60   0x08004f60   0x000000b4   Code   RO         2853    i.uart_handle       uart.o
    0x08005014   0x08005014   0x0000004c   Code   RO         2854    i.uart_receive_data  uart.o
    0x08005060   0x08005060   0x00000090   Code   RO         3047    i.vl53l0x_init      distance_sensor.o
    0x080050f0   0x080050f0   0x0000003c   Code   RO         3048    i.vl53l0x_read_all_sensor  distance_sensor.o
    0x0800512c   0x0800512c   0x00000114   Code   RO         3049    i.vl53l0x_read_range_single  distance_sensor.o
    0x08005240   0x08005240   0x0000002c   Code   RO         3382    locale$$code        c_w.l(lc_numeric_c.o)
    0x0800526c   0x0800526c   0x0000002c   Code   RO         3402    locale$$code        c_w.l(lc_ctype_c.o)
    0x08005298   0x08005298   0x000000c4   Code   RO         3169    x$fpl$fadd          fz_ws.l(faddsub_clz.o)
    0x0800535c   0x0800535c   0x00000018   Code   RO         3293    x$fpl$fcmpinf       fz_ws.l(fcmpi.o)
    0x08005374   0x08005374   0x00000184   Code   RO         3176    x$fpl$fdiv          fz_ws.l(fdiv.o)
    0x080054f8   0x080054f8   0x0000003e   Code   RO         3179    x$fpl$ffixu         fz_ws.l(ffixu.o)
    0x08005536   0x08005536   0x00000002   PAD
    0x08005538   0x08005538   0x00000030   Code   RO         3184    x$fpl$fflt          fz_ws.l(fflt_clz.o)
    0x08005568   0x08005568   0x00000026   Code   RO         3183    x$fpl$ffltu         fz_ws.l(fflt_clz.o)
    0x0800558e   0x0800558e   0x00000002   PAD
    0x08005590   0x08005590   0x00000068   Code   RO         3189    x$fpl$fleqf         fz_ws.l(fleqf.o)
    0x080055f8   0x080055f8   0x00000102   Code   RO         3191    x$fpl$fmul          fz_ws.l(fmul.o)
    0x080056fa   0x080056fa   0x0000008c   Code   RO         3295    x$fpl$fnaninf       fz_ws.l(fnaninf.o)
    0x08005786   0x08005786   0x0000000a   Code   RO         3297    x$fpl$fretinf       fz_ws.l(fretinf.o)
    0x08005790   0x08005790   0x000000ea   Code   RO         3171    x$fpl$fsub          fz_ws.l(faddsub_clz.o)
    0x0800587a   0x0800587a   0x00000004   Code   RO         3299    x$fpl$printf1       fz_ws.l(printf1.o)
    0x0800587e   0x0800587e   0x00000004   Code   RO         3301    x$fpl$printf2       fz_ws.l(printf2.o)
    0x08005882   0x08005882   0x00000000   Code   RO         3307    x$fpl$usenofp       fz_ws.l(usenofp.o)
    0x08005882   0x08005882   0x00000012   Data   RO         1588    .constdata          stm32f1xx_hal_rcc.o
    0x08005894   0x08005894   0x00000010   Data   RO         2742    .constdata          system_stm32f1xx.o
    0x080058a4   0x080058a4   0x00000008   Data   RO         2743    .constdata          system_stm32f1xx.o
    0x080058ac   0x080058ac   0x00000008   Data   RO         3215    .constdata          c_w.l(_printf_wctomb.o)
    0x080058b4   0x080058b4   0x00000028   Data   RO         3244    .constdata          c_w.l(_printf_hex_int_ll_ptr.o)
    0x080058dc   0x080058dc   0x00000011   Data   RO         3264    .constdata          c_w.l(__printf_flags_ss_wp.o)
    0x080058ed   0x080058ed   0x00000026   Data   RO         3330    .constdata          c_w.l(_printf_fp_hex.o)
    0x08005913   0x08005913   0x00000001   PAD
    0x08005914   0x08005914   0x00000094   Data   RO         3357    .constdata          c_w.l(bigflt0.o)
    0x080059a8   0x080059a8   0x00000020   Data   RO         3528    Region$$Table       anon$$obj.o
    0x080059c8   0x080059c8   0x0000001c   Data   RO         3381    locale$$data        c_w.l(lc_numeric_c.o)
    0x080059e4   0x080059e4   0x00000110   Data   RO         3401    locale$$data        c_w.l(lc_ctype_c.o)


    Execution Region RW_IRAM1 (Exec base: 0x20000000, Load base: 0x08005af4, Size: 0x00000ab0, Max: 0x00005000, ABSOLUTE)

    Exec Addr    Load Addr    Size         Type   Attr      Idx    E Section Name        Object

    0x20000000   0x08005af4   0x00000004   Data   RW           26    .data               main.o
    0x20000004   0x08005af8   0x0000000c   Data   RW         1425    .data               stm32f1xx_hal.o
    0x20000010   0x08005b04   0x00000004   Data   RW         2744    .data               system_stm32f1xx.o
    0x20000014   0x08005b08   0x00000003   Data   RW         2856    .data               uart.o
    0x20000017   0x08005b0b   0x00000002   Data   RW         3051    .data               distance_sensor.o
    0x20000019   0x08005b0d   0x00000003   PAD
    0x2000001c   0x08005b10   0x00000004   Data   RW         3157    .data               c_w.l(strtok.o)
    0x20000020        -       0x00000398   Zero   RW           24    .bss                main.o
    0x200003b8        -       0x00000044   Zero   RW           25    .bss                main.o
    0x200003fc        -       0x00000048   Zero   RW         2855    .bss                uart.o
    0x20000444        -       0x0000000c   Zero   RW         3050    .bss                distance_sensor.o
    0x20000450        -       0x00000060   Zero   RW         3397    .bss                c_w.l(libspace.o)
    0x200004b0        -       0x00000200   Zero   RW            2    HEAP                startup_stm32f103xb.o
    0x200006b0        -       0x00000400   Zero   RW            1    STACK               startup_stm32f103xb.o


==============================================================================

Image component sizes


      Code (inc. data)   RO Data    RW Data    ZI Data      Debug   Object Name

      2896         36          0          2         12      12511   distance_sensor.o
      1702        346          0          4        988     437947   main.o
       226          8          0          0          0       2636   motor.o
        34          0          0          0          0       1395   pid.o
       220         10          0          0          0       2056   response.o
        68          0          0          0          0       2005   robot.o
      1026         14          0          0          0      10888   soft_i2c.o
        64         26        236          0       1536        796   startup_stm32f103xb.o
       164         28          0         12          0       5793   stm32f1xx_hal.o
       198         14          0          0          0      28851   stm32f1xx_hal_cortex.o
       808         36          0          0          0       4890   stm32f1xx_hal_dma.o
       500         34          0          0          0       3455   stm32f1xx_hal_gpio.o
       552         78          0          0          0       4203   stm32f1xx_hal_msp.o
      1240         84         18          0          0       5028   stm32f1xx_hal_rcc.o
      2044         56          0          0          0      17703   stm32f1xx_hal_tim.o
       192         12          0          0          0       3117   stm32f1xx_hal_tim_ex.o
      1580         24          0          0          0      12234   stm32f1xx_hal_uart.o
        56         18          0          0          0       5019   stm32f1xx_it.o
         2          0         24          4          0       1071   system_stm32f1xx.o
       256         26          0          3         72       2194   uart.o

    ----------------------------------------------------------------------
     13852        850        310         28       2608     563792   Object Totals
         0          0         32          0          0          0   (incl. Generated)
        24          0          0          3          0          0   (incl. Padding)

    ----------------------------------------------------------------------

      Code (inc. data)   RO Data    RW Data    ZI Data      Debug   Library Member Name

         8          0          0          0          0         68   __main.o
       392          4         17          0          0         92   __printf_flags_ss_wp.o
        14          0          0          0          0         68   __printf_wp.o
         0          0          0          0          0          0   __rtentry.o
        12          0          0          0          0          0   __rtentry2.o
         6          0          0          0          0          0   __rtentry4.o
        52          8          0          0          0          0   __scatter.o
        26          0          0          0          0          0   __scatter_copy.o
        28          0          0          0          0          0   __scatter_zi.o
         6          0          0          0          0          0   _printf_a.o
         6          0          0          0          0          0   _printf_c.o
        44          0          0          0          0        108   _printf_char.o
        48          6          0          0          0         96   _printf_char_common.o
        40          0          0          0          0         68   _printf_charcount.o
         6          0          0          0          0          0   _printf_d.o
       120         16          0          0          0         92   _printf_dec.o
         6          0          0          0          0          0   _printf_e.o
         6          0          0          0          0          0   _printf_f.o
      1054          0          0          0          0        216   _printf_fp_dec.o
       764          8         38          0          0        100   _printf_fp_hex.o
       128         16          0          0          0         84   _printf_fp_infnan.o
         6          0          0          0          0          0   _printf_g.o
       148          4         40          0          0        160   _printf_hex_int_ll_ptr.o
         6          0          0          0          0          0   _printf_i.o
       178          0          0          0          0         88   _printf_intcommon.o
        10          0          0          0          0          0   _printf_l.o
         6          0          0          0          0          0   _printf_lc.o
        10          0          0          0          0          0   _printf_ll.o
         6          0          0          0          0          0   _printf_lld.o
         6          0          0          0          0          0   _printf_lli.o
         6          0          0          0          0          0   _printf_llo.o
         6          0          0          0          0          0   _printf_llu.o
         6          0          0          0          0          0   _printf_llx.o
       124         16          0          0          0         92   _printf_longlong_dec.o
         6          0          0          0          0          0   _printf_ls.o
         6          0          0          0          0          0   _printf_n.o
         6          0          0          0          0          0   _printf_o.o
       112         10          0          0          0        124   _printf_oct_int_ll.o
         6          0          0          0          0          0   _printf_p.o
        78          0          0          0          0        108   _printf_pad.o
         0          0          0          0          0          0   _printf_percent.o
         4          0          0          0          0          0   _printf_percent_end.o
         6          0          0          0          0          0   _printf_s.o
        82          0          0          0          0         80   _printf_str.o
        36          0          0          0          0         84   _printf_truncate.o
         6          0          0          0          0          0   _printf_u.o
        44          0          0          0          0        108   _printf_wchar.o
       188          6          8          0          0         92   _printf_wctomb.o
         6          0          0          0          0          0   _printf_x.o
        16          0          0          0          0         68   _snputc.o
        10          0          0          0          0         68   _sputc.o
        64          0          0          0          0         92   _wcrtomb.o
       228          4        148          0          0         96   bigflt0.o
      1936        128          0          0          0        672   btod.o
        18          0          0          0          0         80   exit.o
         6          0          0          0          0        152   heapauxi.o
         0          0          0          0          0          0   indicate_semi.o
        44         10        272          0          0         76   lc_ctype_c.o
        44         10         28          0          0         76   lc_numeric_c.o
         2          0          0          0          0          0   libinit.o
        30          0          0          0          0          0   libinit2.o
         2          0          0          0          0          0   libshutdown.o
         2          0          0          0          0          0   libshutdown2.o
         8          4          0          0         96         68   libspace.o
       138          0          0          0          0         80   lludiv10.o
        16          4          0          0          0         76   rt_ctype_table.o
         8          4          0          0          0         68   rt_locale_intlibspace.o
        78          0          0          0          0         80   rt_memclr_w.o
         2          0          0          0          0          0   rtexit.o
        10          0          0          0          0          0   rtexit2.o
       128          0          0          0          0         68   strcmpv7m.o
        32          0          0          0          0         80   strcspn.o
        62          0          0          0          0         76   strlen.o
        28          0          0          0          0         80   strspn.o
        12          6          0          4          0         68   strtok.o
        68          4          0          0          0         84   strtok_int.o
        12          4          0          0          0         68   sys_exit.o
        74          0          0          0          0         80   sys_stackheap_outer.o
         2          0          0          0          0         68   use_no_semi.o
        52          4          0          0          0         80   vsnprintf.o
       430          8          0          0          0        168   faddsub_clz.o
        24          0          0          0          0         68   fcmpi.o
       388         76          0          0          0         96   fdiv.o
        62          4          0          0          0         84   ffixu.o
        86          0          0          0          0        136   fflt_clz.o
       104          4          0          0          0         84   fleqf.o
       258          4          0          0          0         84   fmul.o
       140          4          0          0          0         84   fnaninf.o
        10          0          0          0          0         68   fretinf.o
         4          0          0          0          0         68   printf1.o
         4          0          0          0          0         68   printf2.o
         0          0          0          0          0          0   usenofp.o
        40          0          0          0          0         68   fpclassify.o

    ----------------------------------------------------------------------
      8570        376        552          4         96       5508   Library Totals
        18          0          1          0          0          0   (incl. Padding)

    ----------------------------------------------------------------------

      Code (inc. data)   RO Data    RW Data    ZI Data      Debug   Library Name

      7002        276        551          4         96       4432   c_w.l
      1510        100          0          0          0       1008   fz_ws.l
        40          0          0          0          0         68   m_ws.l

    ----------------------------------------------------------------------
      8570        376        552          4         96       5508   Library Totals

    ----------------------------------------------------------------------

==============================================================================


      Code (inc. data)   RO Data    RW Data    ZI Data      Debug   

     22422       1226        862         32       2704     559260   Grand Totals
     22422       1226        862         32       2704     559260   ELF Image Totals
     22422       1226        862         32          0          0   ROM Totals

==============================================================================

    Total RO  Size (Code + RO Data)                23284 (  22.74kB)
    Total RW  Size (RW Data + ZI Data)              2736 (   2.67kB)
    Total ROM Size (Code + RO Data + RW Data)      23316 (  22.77kB)

==============================================================================

